Archive member included because of file (symbol)

c:/altera/13.1/nios2eds/bin/gnu/h-i686-mingw32/bin/../lib/gcc/nios2-elf/4.7.3/mno-hw-mul\libgcc.a(_addsub_sf.o)
                              obj/default/application/jpegclib/jcdctmgr.o (__addsf3)
c:/altera/13.1/nios2eds/bin/gnu/h-i686-mingw32/bin/../lib/gcc/nios2-elf/4.7.3/mno-hw-mul\libgcc.a(_mul_sf.o)
                              obj/default/application/jpegclib/jcdctmgr.o (__mulsf3)
c:/altera/13.1/nios2eds/bin/gnu/h-i686-mingw32/bin/../lib/gcc/nios2-elf/4.7.3/mno-hw-mul\libgcc.a(_si_to_sf.o)
                              obj/default/application/jpegclib/jfdctflt.o (__floatsisf)
c:/altera/13.1/nios2eds/bin/gnu/h-i686-mingw32/bin/../lib/gcc/nios2-elf/4.7.3/mno-hw-mul\libgcc.a(_sf_to_si.o)
                              obj/default/application/jpegclib/jcdctmgr.o (__fixsfsi)
c:/altera/13.1/nios2eds/bin/gnu/h-i686-mingw32/bin/../lib/gcc/nios2-elf/4.7.3/mno-hw-mul\libgcc.a(_thenan_sf.o)
                              c:/altera/13.1/nios2eds/bin/gnu/h-i686-mingw32/bin/../lib/gcc/nios2-elf/4.7.3/mno-hw-mul\libgcc.a(_addsub_sf.o) (__thenan_sf)
c:/altera/13.1/nios2eds/bin/gnu/h-i686-mingw32/bin/../lib/gcc/nios2-elf/4.7.3/mno-hw-mul\libgcc.a(_mul_df.o)
                              obj/default/application/jpegclib/jcdctmgr.o (__muldf3)
c:/altera/13.1/nios2eds/bin/gnu/h-i686-mingw32/bin/../lib/gcc/nios2-elf/4.7.3/mno-hw-mul\libgcc.a(_div_df.o)
                              obj/default/application/jpegclib/jcdctmgr.o (__divdf3)
c:/altera/13.1/nios2eds/bin/gnu/h-i686-mingw32/bin/../lib/gcc/nios2-elf/4.7.3/mno-hw-mul\libgcc.a(_df_to_sf.o)
                              obj/default/application/jpegclib/jcdctmgr.o (__truncdfsf2)
c:/altera/13.1/nios2eds/bin/gnu/h-i686-mingw32/bin/../lib/gcc/nios2-elf/4.7.3/mno-hw-mul\libgcc.a(_thenan_df.o)
                              c:/altera/13.1/nios2eds/bin/gnu/h-i686-mingw32/bin/../lib/gcc/nios2-elf/4.7.3/mno-hw-mul\libgcc.a(_mul_df.o) (__thenan_df)
c:/altera/13.1/nios2eds/bin/gnu/h-i686-mingw32/bin/../lib/gcc/nios2-elf/4.7.3/mno-hw-mul\libgcc.a(_usi_to_df.o)
                              obj/default/application/jpegclib/jcdctmgr.o (__floatunsidf)
c:/altera/13.1/nios2eds/bin/gnu/h-i686-mingw32/bin/../lib/gcc/nios2-elf/4.7.3/mno-hw-mul\libgcc.a(lib2-divmod.o)
                              obj/default/application/jpegclib/jcdctmgr.o (__divsi3)
c:/altera/13.1/nios2eds/bin/gnu/h-i686-mingw32/bin/../lib/gcc/nios2-elf/4.7.3/mno-hw-mul\libgcc.a(lib2-mul.o)
                              obj/default/application/bmp_extract.o (__mulsi3)
c:/altera/13.1/nios2eds/bin/gnu/h-i686-mingw32/bin/../lib/gcc/nios2-elf/4.7.3/mno-hw-mul\libgcc.a(_muldi3.o)
                              c:/altera/13.1/nios2eds/bin/gnu/h-i686-mingw32/bin/../lib/gcc/nios2-elf/4.7.3/mno-hw-mul\libgcc.a(_mul_sf.o) (__muldi3)
c:/altera/13.1/nios2eds/bin/gnu/h-i686-mingw32/bin/../lib/gcc/nios2-elf/4.7.3/mno-hw-mul\libgcc.a(_clzsi2.o)
                              c:/altera/13.1/nios2eds/bin/gnu/h-i686-mingw32/bin/../lib/gcc/nios2-elf/4.7.3/mno-hw-mul\libgcc.a(_si_to_sf.o) (__clzsi2)
c:/altera/13.1/nios2eds/bin/gnu/h-i686-mingw32/bin/../lib/gcc/nios2-elf/4.7.3/mno-hw-mul\libgcc.a(_pack_sf.o)
                              c:/altera/13.1/nios2eds/bin/gnu/h-i686-mingw32/bin/../lib/gcc/nios2-elf/4.7.3/mno-hw-mul\libgcc.a(_addsub_sf.o) (__pack_f)
c:/altera/13.1/nios2eds/bin/gnu/h-i686-mingw32/bin/../lib/gcc/nios2-elf/4.7.3/mno-hw-mul\libgcc.a(_unpack_sf.o)
                              c:/altera/13.1/nios2eds/bin/gnu/h-i686-mingw32/bin/../lib/gcc/nios2-elf/4.7.3/mno-hw-mul\libgcc.a(_addsub_sf.o) (__unpack_f)
c:/altera/13.1/nios2eds/bin/gnu/h-i686-mingw32/bin/../lib/gcc/nios2-elf/4.7.3/mno-hw-mul\libgcc.a(_make_sf.o)
                              c:/altera/13.1/nios2eds/bin/gnu/h-i686-mingw32/bin/../lib/gcc/nios2-elf/4.7.3/mno-hw-mul\libgcc.a(_df_to_sf.o) (__make_fp)
c:/altera/13.1/nios2eds/bin/gnu/h-i686-mingw32/bin/../lib/gcc/nios2-elf/4.7.3/mno-hw-mul\libgcc.a(_pack_df.o)
                              c:/altera/13.1/nios2eds/bin/gnu/h-i686-mingw32/bin/../lib/gcc/nios2-elf/4.7.3/mno-hw-mul\libgcc.a(_mul_df.o) (__pack_d)
c:/altera/13.1/nios2eds/bin/gnu/h-i686-mingw32/bin/../lib/gcc/nios2-elf/4.7.3/mno-hw-mul\libgcc.a(_unpack_df.o)
                              c:/altera/13.1/nios2eds/bin/gnu/h-i686-mingw32/bin/../lib/gcc/nios2-elf/4.7.3/mno-hw-mul\libgcc.a(_mul_df.o) (__unpack_d)
c:/altera/13.1/nios2eds/bin/gnu/h-i686-mingw32/bin/../lib/gcc/nios2-elf/4.7.3/mno-hw-mul\libgcc.a(_lshrdi3.o)
                              c:/altera/13.1/nios2eds/bin/gnu/h-i686-mingw32/bin/../lib/gcc/nios2-elf/4.7.3/mno-hw-mul\libgcc.a(_pack_df.o) (__lshrdi3)
c:/altera/13.1/nios2eds/bin/gnu/h-i686-mingw32/bin/../lib/gcc/nios2-elf/4.7.3/mno-hw-mul\libgcc.a(_ashldi3.o)
                              c:/altera/13.1/nios2eds/bin/gnu/h-i686-mingw32/bin/../lib/gcc/nios2-elf/4.7.3/mno-hw-mul\libgcc.a(_pack_df.o) (__ashldi3)
[...]
Memory Configuration

Name             Origin             Length             Attributes
reset            0x00000000         0x00000020
sdram            0x00000020         0x07ffffe0
*default*        0x00000000         0xffffffff

Linker script and memory map

LOAD ../JPEG_Encoder_bsp//obj/HAL/src/crt0.o
LOAD obj/default/application/bmp_extract.o
LOAD obj/default/application/jpeg_encoding.o
LOAD obj/default/application/jpegclib/cdjpeg.o
LOAD obj/default/application/jpegclib/jaricom.o
LOAD obj/default/application/jpegclib/jcapimin.o
LOAD obj/default/application/jpegclib/jcapistd.o
LOAD obj/default/application/jpegclib/jcarith.o
LOAD obj/default/application/jpegclib/jccoefct.o
LOAD obj/default/application/jpegclib/jccolor.o
LOAD obj/default/application/jpegclib/jcdctmgr.o
LOAD obj/default/application/jpegclib/jchuff.o
LOAD obj/default/application/jpegclib/jcinit.o
LOAD obj/default/application/jpegclib/jcmainct.o
LOAD obj/default/application/jpegclib/jcmarker.o
LOAD obj/default/application/jpegclib/jcmaster.o
LOAD obj/default/application/jpegclib/jcomapi.o
LOAD obj/default/application/jpegclib/jcparam.o
LOAD obj/default/application/jpegclib/jcprepct.o
LOAD obj/default/application/jpegclib/jcsample.o
LOAD obj/default/application/jpegclib/jctrans.o
LOAD obj/default/application/jpegclib/jdatadst.o
LOAD obj/default/application/jpegclib/jerror.o
LOAD obj/default/application/jpegclib/jfdctflt.o
LOAD obj/default/application/jpegclib/jfdctfst.o
LOAD obj/default/application/jpegclib/jfdctint.o
LOAD obj/default/application/jpegclib/jidctflt.o
LOAD obj/default/application/jpegclib/jidctfst.o
LOAD obj/default/application/jpegclib/jidctint.o
LOAD obj/default/application/jpegclib/jmemansi.o
LOAD obj/default/application/jpegclib/jmemmgr.o
LOAD obj/default/application/jpegclib/jquant1.o
LOAD obj/default/application/jpegclib/jquant2.o
LOAD obj/default/application/jpegclib/jutils.o
LOAD obj/default/jpeg_encoder.o
LOAD c:/altera/13.1/nios2eds/bin/gnu/h-i686-mingw32/bin/../lib/gcc/nios2-elf/4.7.3/../../../../../H-i686-mingw32/nios2-elf/lib/mno-hw-mul\libstdc++.a
LOAD c:/altera/13.1/nios2eds/bin/gnu/h-i686-mingw32/bin/../lib/gcc/nios2-elf/4.7.3/../../../../../H-i686-mingw32/nios2-elf/lib/mno-hw-mul\libm.a
LOAD c:/altera/13.1/nios2eds/bin/gnu/h-i686-mingw32/bin/../lib/gcc/nios2-elf/4.7.3/mno-hw-mul\libgcc.a
START GROUP
LOAD c:/altera/13.1/nios2eds/bin/gnu/h-i686-mingw32/bin/../lib/gcc/nios2-elf/4.7.3/../../../../../H-i686-mingw32/nios2-elf/lib/mno-hw-mul\libc.a
LOAD c:/altera/13.1/nios2eds/bin/gnu/h-i686-mingw32/bin/../lib/gcc/nios2-elf/4.7.3/mno-hw-mul\libgcc.a
LOAD ../JPEG_Encoder_bsp/\libhal_bsp.a
END GROUP
LOAD c:/altera/13.1/nios2eds/bin/gnu/h-i686-mingw32/bin/../lib/gcc/nios2-elf/4.7.3/mno-hw-mul\libgcc.a
                0x00000000                __alt_mem_sdram = 0x0

.entry          0x00000000       0x20
 *(.entry)
 .entry         0x00000000       0x20 ../JPEG_Encoder_bsp//obj/HAL/src/crt0.o
                0x00000000                __reset

.exceptions     0x00000020      0x198
                0x00000020                PROVIDE (__ram_exceptions_start, ABSOLUTE (.))
                0x00000020                . = ALIGN (0x20)
 *(.irq)
 *(.exceptions.entry.label)
 .exceptions.entry.label
                0x00000020        0x0 ../JPEG_Encoder_bsp/\libhal_bsp.a(alt_irq_entry.o)
                0x00000020                alt_irq_entry
 .exceptions.entry.label
                0x00000020        0x0 ../JPEG_Encoder_bsp/\libhal_bsp.a(alt_exception_entry.o)
                0x00000020                alt_exception
 *(.exceptions.entry.user)
 *(.exceptions.entry.ecc_fatal)
 *(.exceptions.entry)
 .exceptions.entry
                0x00000020       0x54 ../JPEG_Encoder_bsp/\libhal_bsp.a(alt_exception_entry.o)
 *(.exceptions.irqtest.user)
 *(.exceptions.irqtest)
 .exceptions.irqtest
                0x00000074       0x10 ../JPEG_Encoder_bsp/\libhal_bsp.a(alt_irq_entry.o)
 *(.exceptions.irqhandler.user)
 *(.exceptions.irqhandler)
 .exceptions.irqhandler
                0x00000084        0x4 ../JPEG_Encoder_bsp/\libhal_bsp.a(alt_irq_entry.o)
 *(.exceptions.irqreturn.user)
 *(.exceptions.irqreturn)
 .exceptions.irqreturn
                0x00000088        0x4 ../JPEG_Encoder_bsp/\libhal_bsp.a(alt_irq_entry.o)
 *(.exceptions.notirq.label)
 .exceptions.notirq.label
                0x0000008c        0x0 ../JPEG_Encoder_bsp/\libhal_bsp.a(alt_irq_entry.o)
 *(.exceptions.notirq.user)
 *(.exceptions.notirq)
 .exceptions.notirq
                0x0000008c        0x8 ../JPEG_Encoder_bsp/\libhal_bsp.a(alt_exception_entry.o)
 *(.exceptions.soft.user)
 *(.exceptions.soft)
 *(.exceptions.unknown.user)
 *(.exceptions.unknown)
 .exceptions.unknown
                0x00000094        0x4 ../JPEG_Encoder_bsp/\libhal_bsp.a(alt_exception_entry.o)
 *(.exceptions.exit.label)
 .exceptions.exit.label
                0x00000098        0x0 ../JPEG_Encoder_bsp/\libhal_bsp.a(alt_irq_entry.o)
 .exceptions.exit.label
                0x00000098        0x0 ../JPEG_Encoder_bsp/\libhal_bsp.a(alt_exception_entry.o)
 *(.exceptions.exit.user)
 *(.exceptions.exit)
 .exceptions.exit
                0x00000098       0x54 ../JPEG_Encoder_bsp/\libhal_bsp.a(alt_exception_entry.o)
 *(.exceptions)
 .exceptions    0x000000ec       0xcc ../JPEG_Encoder_bsp/\libhal_bsp.a(alt_irq_handler.o)
                0x000000ec                alt_irq_handler
                0x000001b8                PROVIDE (__ram_exceptions_end, ABSOLUTE (.))
                0x00000020                PROVIDE (__flash_exceptions_start, LOADADDR (.exceptions))

.text           0x000001b8    0x3ed04
                0x000001b8                PROVIDE (stext, ABSOLUTE (.))
 *(.interp)
 *(.hash)
 *(.dynsym)
 *(.dynstr)
 *(.gnu.version)
 *(.gnu.version_d)
 *(.gnu.version_r)
 *(.rel.init)
 *(.rela.init)
 *(.rel.text .rel.text.* .rel.gnu.linkonce.t.*)
 *(.rela.text .rela.text.* .rela.gnu.linkonce.t.*)
 *(.rel.fini)
 *(.rela.fini)
 *(.rel.rodata .rel.rodata.* .rel.gnu.linkonce.r.*)
 *(.rela.rodata .rela.rodata.* .rela.gnu.linkonce.r.*)
 *(.rel.data .rel.data.* .rel.gnu.linkonce.d.*)
 *(.rela.data .rela.data.* .rela.gnu.linkonce.d.*)
 *(.rel.tdata .rel.tdata.* .rel.gnu.linkonce.td.*)
 *(.rela.tdata .rela.tdata.* .rela.gnu.linkonce.td.*)
 *(.rel.tbss .rel.tbss.* .rel.gnu.linkonce.tb.*)
 *(.rela.tbss .rela.tbss.* .rela.gnu.linkonce.tb.*)
 *(.rel.ctors)
 *(.rela.ctors)
 *(.rel.dtors)
 *(.rela.dtors)
 *(.rel.got)
 *(.rela.got)
 *(.rel.sdata .rel.sdata.* .rel.gnu.linkonce.s.*)
 *(.rela.sdata .rela.sdata.* .rela.gnu.linkonce.s.*)
 *(.rel.sbss .rel.sbss.* .rel.gnu.linkonce.sb.*)
 *(.rela.sbss .rela.sbss.* .rela.gnu.linkonce.sb.*)
 *(.rel.sdata2 .rel.sdata2.* .rel.gnu.linkonce.s2.*)
 *(.rela.sdata2 .rela.sdata2.* .rela.gnu.linkonce.s2.*)
 *(.rel.sbss2 .rel.sbss2.* .rel.gnu.linkonce.sb2.*)
 *(.rela.sbss2 .rela.sbss2.* .rela.gnu.linkonce.sb2.*)
 *(.rel.bss .rel.bss.* .rel.gnu.linkonce.b.*)
 *(.rela.bss .rela.bss.* .rela.gnu.linkonce.b.*)
 *(.rel.plt)
 *(.rela.plt)
 *(.rel.dyn)
 *(.init)
 *(.plt)
 *(.text .stub .text.* .gnu.linkonce.t.*)
 .text          0x000001b8       0x3c ../JPEG_Encoder_bsp//obj/HAL/src/crt0.o
                0x000001b8                _start
 .text          0x000001f4      0x498 obj/default/application/bmp_extract.o
                0x000001f4                bmp_extract_header
                0x00000338                bmp_rearrange_comps
                0x000004fc                bmp_extract
 .text          0x0000068c      0x180 obj/default/application/jpeg_encoding.o
                0x0000068c                jpeg_encode
 .text          0x0000080c      0x194 obj/default/application/jpegclib/cdjpeg.o
                0x0000080c                keymatch
                0x00000938                read_stdin
                0x0000096c                write_stdout
 .text          0x000009a0        0x0 obj/default/application/jpegclib/jaricom.o
 .text          0x000009a0      0x890 obj/default/application/jpegclib/jcapimin.o
                0x000009a0                jpeg_CreateCompress
                0x00000be0                jpeg_destroy_compress
                0x00000c10                jpeg_abort_compress
                0x00000c40                jpeg_suppress_tables
                0x00000d44                jpeg_finish_compress
                0x00000f48                jpeg_write_marker
                0x00001064                jpeg_write_m_header
                0x00001124                jpeg_write_m_byte
                0x00001168                jpeg_write_tables
 .text          0x00001230      0x440 obj/default/application/jpegclib/jcapistd.o
                0x00001230                jpeg_start_compress
                0x0000132c                jpeg_write_scanlines
                0x000014c0                jpeg_write_raw_data
 .text          0x00001670     0x23f8 obj/default/application/jpegclib/jcarith.o
                0x00003990                jinit_arith_encoder
 .text          0x00003a68      0xf20 obj/default/application/jpegclib/jccoefct.o
                0x000047b8                jinit_c_coef_controller
 .text          0x00004988      0xff0 obj/default/application/jpegclib/jccolor.o
                0x000053f4                jinit_color_converter
 .text          0x00005978      0xaf8 obj/default/application/jpegclib/jcdctmgr.o
                0x000063b4                jinit_forward_dct
 .text          0x00006470     0x33dc obj/default/application/jpegclib/jchuff.o
                0x00009708                jinit_huff_encoder
 .text          0x0000984c      0x104 obj/default/application/jpegclib/jcinit.o
                0x0000984c                jinit_compress_master
 .text          0x00009950      0x3ac obj/default/application/jpegclib/jcmainct.o
                0x00009b80                jinit_c_main_controller
 .text          0x00009cfc     0x1418 obj/default/application/jpegclib/jcmarker.o
                0x0000b048                jinit_marker_writer
 .text          0x0000b114     0x1d6c obj/default/application/jpegclib/jcmaster.o
                0x0000b114                jpeg_calc_jpeg_dimensions
                0x0000ccd0                jinit_c_master_control
 .text          0x0000ce80      0x1a8 obj/default/application/jpegclib/jcomapi.o
                0x0000ce80                jpeg_abort
                0x0000cf28                jpeg_destroy
                0x0000cf80                jpeg_alloc_quant_table
                0x0000cfd4                jpeg_alloc_huff_table
 .text          0x0000d028     0x1528 obj/default/application/jpegclib/jcparam.o
                0x0000d028                jpeg_add_quant_table
                0x0000d1f0                jpeg_default_qtables
                0x0000d270                jpeg_set_linear_quality
                0x0000d2e4                jpeg_quality_scaling
                0x0000d368                jpeg_set_quality
                0x0000d588                jpeg_set_defaults
                0x0000d784                jpeg_default_colorspace
                0x0000d874                jpeg_set_colorspace
                0x0000e1a8                jpeg_simple_progression
 .text          0x0000e550      0xc14 obj/default/application/jpegclib/jcprepct.o
                0x0000efac                jinit_c_prep_controller
 .text          0x0000f164     0x14c4 obj/default/application/jpegclib/jcsample.o
                0x00010234                jinit_downsampler
 .text          0x00010628      0xc2c obj/default/application/jpegclib/jctrans.o
                0x00010628                jpeg_write_coefficients
                0x000106f0                jpeg_copy_critical_parameters
 .text          0x00011254      0x5f8 obj/default/application/jpegclib/jdatadst.o
                0x000115f0                jpeg_stdio_dest
                0x00011694                jpeg_mem_dest
 .text          0x0001184c      0x43c obj/default/application/jpegclib/jerror.o
                0x00011bc8                jpeg_std_error
 .text          0x00011c88      0x8b8 obj/default/application/jpegclib/jfdctflt.o
                0x00011c88                jpeg_fdct_float
 .text          0x00012540      0x6a0 obj/default/application/jpegclib/jfdctfst.o
                0x00012540                jpeg_fdct_ifast
 .text          0x00012be0      0x810 obj/default/application/jpegclib/jfdctint.o
                0x00012be0                jpeg_fdct_islow
 .text          0x000133f0      0xc74 obj/default/application/jpegclib/jidctflt.o
                0x000133f0                jpeg_idct_float
 .text          0x00014064      0xaf4 obj/default/application/jpegclib/jidctfst.o
                0x00014064                jpeg_idct_ifast
 .text          0x00014b58    0x103b8 obj/default/application/jpegclib/jidctint.o
                0x00014b58                jpeg_idct_islow
                0x0001579c                jpeg_idct_7x7
                0x00016018                jpeg_idct_6x6
                0x00016620                jpeg_idct_5x5
                0x00016b84                jpeg_idct_4x4
                0x00016fa4                jpeg_idct_3x3
                0x000172d8                jpeg_idct_2x2
                0x00017510                jpeg_idct_1x1
                0x000175c4                jpeg_idct_9x9
                0x00017f0c                jpeg_idct_10x10
                0x00018954                jpeg_idct_11x11
                0x000195bc                jpeg_idct_12x12
                0x0001a16c                jpeg_idct_13x13
                0x0001af9c                jpeg_idct_14x14
                0x0001bd1c                jpeg_idct_15x15
                0x0001cb2c                jpeg_idct_16x16
                0x0001db74                jpeg_idct_16x8
                0x0001ea44                jpeg_idct_14x7
                0x0001f564                jpeg_idct_12x6
                0x0001fe50                jpeg_idct_10x5
                0x00020618                jpeg_idct_8x4
                0x00020cbc                jpeg_idct_6x3
                0x0002113c                jpeg_idct_4x2
                0x00021420                jpeg_idct_2x1
                0x00021544                jpeg_idct_8x16
                0x000221e8                jpeg_idct_7x14
                0x00022cc4                jpeg_idct_6x12
                0x00023598                jpeg_idct_5x10
                0x00023d7c                jpeg_idct_4x8
                0x0002461c                jpeg_idct_3x6
                0x00024ad8                jpeg_idct_2x4
                0x00024de8                jpeg_idct_1x2
 .text          0x00024f10      0x3d8 obj/default/application/jpegclib/jmemansi.o
                0x00024f10                jpeg_get_small
                0x00024f44                jpeg_free_small
                0x00024f7c                jpeg_get_large
                0x00024fb0                jpeg_free_large
                0x00024fe8                jpeg_mem_available
                0x000251e4                jpeg_open_backing_store
                0x000252a0                jpeg_mem_init
                0x000252c8                jpeg_mem_term
 .text          0x000252e8     0x1d48 obj/default/application/jpegclib/jmemmgr.o
                0x00026d74                jinit_memory_mgr
 .text          0x00027030     0x18b4 obj/default/application/jpegclib/jquant1.o
                0x000287a0                jinit_1pass_quantizer
 .text          0x000288e4     0x27a0 obj/default/application/jpegclib/jquant2.o
                0x0002adf0                jinit_2pass_quantizer
 .text          0x0002b084      0x1f4 obj/default/application/jpegclib/jutils.o
                0x0002b084                jdiv_round_up
                0x0002b0cc                jround_up
                0x0002b124                jcopy_sample_rows
                0x0002b1f4                jcopy_block_row
                0x0002b23c                jzero_far
 .text          0x0002b278      0x32c obj/default/jpeg_encoder.o
                0x0002b278                led_light
                0x0002b2c0                main
                0x0002b3d0                convert_picture
 .text          0x0002b5a4      0x298 c:/altera/13.1/nios2eds/bin/gnu/h-i686-mingw32/bin/../lib/gcc/nios2-elf/4.7.3/mno-hw-mul\libgcc.a(_addsub_sf.o)
                0x0002b798                __addsf3
                0x0002b7e4                __subsf3
 .text          0x0002b83c      0x190 c:/altera/13.1/nios2eds/bin/gnu/h-i686-mingw32/bin/../lib/gcc/nios2-elf/4.7.3/mno-hw-mul\libgcc.a(_mul_sf.o)
                0x0002b83c                __mulsf3
 .text          0x0002b9cc       0xa4 c:/altera/13.1/nios2eds/bin/gnu/h-i686-mingw32/bin/../lib/gcc/nios2-elf/4.7.3/mno-hw-mul\libgcc.a(_si_to_sf.o)
                0x0002b9cc                __floatsisf
 .text          0x0002ba70       0xa4 c:/altera/13.1/nios2eds/bin/gnu/h-i686-mingw32/bin/../lib/gcc/nios2-elf/4.7.3/mno-hw-mul\libgcc.a(_sf_to_si.o)
                0x0002ba70                __fixsfsi
 .text          0x0002bb14        0x0 c:/altera/13.1/nios2eds/bin/gnu/h-i686-mingw32/bin/../lib/gcc/nios2-elf/4.7.3/mno-hw-mul\libgcc.a(_thenan_sf.o)
 .text          0x0002bb14      0x2e4 c:/altera/13.1/nios2eds/bin/gnu/h-i686-mingw32/bin/../lib/gcc/nios2-elf/4.7.3/mno-hw-mul\libgcc.a(_mul_df.o)
                0x0002bb14                __muldf3
 .text          0x0002bdf8      0x1b4 c:/altera/13.1/nios2eds/bin/gnu/h-i686-mingw32/bin/../lib/gcc/nios2-elf/4.7.3/mno-hw-mul\libgcc.a(_div_df.o)
                0x0002bdf8                __divdf3
 .text          0x0002bfac       0x60 c:/altera/13.1/nios2eds/bin/gnu/h-i686-mingw32/bin/../lib/gcc/nios2-elf/4.7.3/mno-hw-mul\libgcc.a(_df_to_sf.o)
                0x0002bfac                __truncdfsf2
 .text          0x0002c00c        0x0 c:/altera/13.1/nios2eds/bin/gnu/h-i686-mingw32/bin/../lib/gcc/nios2-elf/4.7.3/mno-hw-mul\libgcc.a(_thenan_df.o)
 .text          0x0002c00c      0x11c c:/altera/13.1/nios2eds/bin/gnu/h-i686-mingw32/bin/../lib/gcc/nios2-elf/4.7.3/mno-hw-mul\libgcc.a(_usi_to_df.o)
                0x0002c00c                __floatunsidf
 .text          0x0002c128      0x130 c:/altera/13.1/nios2eds/bin/gnu/h-i686-mingw32/bin/../lib/gcc/nios2-elf/4.7.3/mno-hw-mul\libgcc.a(lib2-divmod.o)
                0x0002c19c                __divsi3
                0x0002c1ec                __modsi3
                0x0002c248                __udivsi3
                0x0002c250                __umodsi3
 .text          0x0002c258       0x28 c:/altera/13.1/nios2eds/bin/gnu/h-i686-mingw32/bin/../lib/gcc/nios2-elf/4.7.3/mno-hw-mul\libgcc.a(lib2-mul.o)
                0x0002c258                __mulsi3
 .text          0x0002c280      0x110 c:/altera/13.1/nios2eds/bin/gnu/h-i686-mingw32/bin/../lib/gcc/nios2-elf/4.7.3/mno-hw-mul\libgcc.a(_muldi3.o)
                0x0002c280                __muldi3
 .text          0x0002c390       0xac c:/altera/13.1/nios2eds/bin/gnu/h-i686-mingw32/bin/../lib/gcc/nios2-elf/4.7.3/mno-hw-mul\libgcc.a(_clzsi2.o)
                0x0002c390                __clzsi2
 .text          0x0002c43c      0x12c c:/altera/13.1/nios2eds/bin/gnu/h-i686-mingw32/bin/../lib/gcc/nios2-elf/4.7.3/mno-hw-mul\libgcc.a(_pack_sf.o)
                0x0002c43c                __pack_f
 .text          0x0002c568       0xc8 c:/altera/13.1/nios2eds/bin/gnu/h-i686-mingw32/bin/../lib/gcc/nios2-elf/4.7.3/mno-hw-mul\libgcc.a(_unpack_sf.o)
                0x0002c568                __unpack_f
 .text          0x0002c630       0x2c c:/altera/13.1/nios2eds/bin/gnu/h-i686-mingw32/bin/../lib/gcc/nios2-elf/4.7.3/mno-hw-mul\libgcc.a(_make_sf.o)
                0x0002c630                __make_fp
 .text          0x0002c65c      0x224 c:/altera/13.1/nios2eds/bin/gnu/h-i686-mingw32/bin/../lib/gcc/nios2-elf/4.7.3/mno-hw-mul\libgcc.a(_pack_df.o)
                0x0002c65c                __pack_d
 .text          0x0002c880      0x104 c:/altera/13.1/nios2eds/bin/gnu/h-i686-mingw32/bin/../lib/gcc/nios2-elf/4.7.3/mno-hw-mul\libgcc.a(_unpack_df.o)
                0x0002c880                __unpack_d
 .text          0x0002c984       0x44 c:/altera/13.1/nios2eds/bin/gnu/h-i686-mingw32/bin/../lib/gcc/nios2-elf/4.7.3/mno-hw-mul\libgcc.a(_lshrdi3.o)
                0x0002c984                __lshrdi3
 .text          0x0002c9c8       0x44 c:/altera/13.1/nios2eds/bin/gnu/h-i686-mingw32/bin/../lib/gcc/nios2-elf/4.7.3/mno-hw-mul\libgcc.a(_ashldi3.o)
                0x0002c9c8                __ashldi3
 .text          0x0002ca0c        0x0 c:/altera/13.1/nios2eds/bin/gnu/h-i686-mingw32/bin/../lib/gcc/nios2-elf/4.7.3/mno-hw-mul\libgcc.a(_clz.o)
 .text          0x0002ca0c        0x0 c:/altera/13.1/nios2eds/bin/gnu/h-i686-mingw32/bin/../lib/gcc/nios2-elf/4.7.3/../../../../../H-i686-mingw32/nios2-elf/lib/mno-hw-mul\libc.a(lib_a-ctype_.o)
 .text          0x0002ca0c       0x38 c:/altera/13.1/nios2eds/bin/gnu/h-i686-mingw32/bin/../lib/gcc/nios2-elf/4.7.3/../../../../../H-i686-mingw32/nios2-elf/lib/mno-hw-mul\libc.a(lib_a-exit.o)
                0x0002ca0c                exit
 .text          0x0002ca44      0x150 c:/altera/13.1/nios2eds/bin/gnu/h-i686-mingw32/bin/../lib/gcc/nios2-elf/4.7.3/../../../../../H-i686-mingw32/nios2-elf/lib/mno-hw-mul\libc.a(lib_a-fclose.o)
                0x0002ca44                _fclose_r
                0x0002cb80                fclose
 .text          0x0002cb94      0x218 c:/altera/13.1/nios2eds/bin/gnu/h-i686-mingw32/bin/../lib/gcc/nios2-elf/4.7.3/../../../../../H-i686-mingw32/nios2-elf/lib/mno-hw-mul\libc.a(lib_a-fflush.o)
                0x0002cb94                _fflush_r
                0x0002cd7c                fflush
 .text          0x0002cdac      0x2ec c:/altera/13.1/nios2eds/bin/gnu/h-i686-mingw32/bin/../lib/gcc/nios2-elf/4.7.3/../../../../../H-i686-mingw32/nios2-elf/lib/mno-hw-mul\libc.a(lib_a-findfp.o)
                0x0002cdbc                _cleanup_r
                0x0002cdc8                __sfmoreglue
                0x0002ce40                _cleanup
                0x0002ce50                __sinit
                0x0002cf5c                __sfp
                0x0002d058                __sfp_lock_acquire
                0x0002d05c                __sfp_lock_release
                0x0002d060                __sinit_lock_acquire
                0x0002d064                __sinit_lock_release
                0x0002d068                __fp_lock_all
                0x0002d080                __fp_unlock_all
 .text          0x0002d098      0x14c c:/altera/13.1/nios2eds/bin/gnu/h-i686-mingw32/bin/../lib/gcc/nios2-elf/4.7.3/../../../../../H-i686-mingw32/nios2-elf/lib/mno-hw-mul\libc.a(lib_a-fopen.o)
                0x0002d098                _fopen_r
                0x0002d1c8                fopen
 .text          0x0002d1e4       0x4c c:/altera/13.1/nios2eds/bin/gnu/h-i686-mingw32/bin/../lib/gcc/nios2-elf/4.7.3/../../../../../H-i686-mingw32/nios2-elf/lib/mno-hw-mul\libc.a(lib_a-fprintf.o)
                0x0002d1e4                _fprintf_r
                0x0002d20c                fprintf
 .text          0x0002d230      0x27c c:/altera/13.1/nios2eds/bin/gnu/h-i686-mingw32/bin/../lib/gcc/nios2-elf/4.7.3/../../../../../H-i686-mingw32/nios2-elf/lib/mno-hw-mul\libc.a(lib_a-fread.o)
                0x0002d230                _fread_r
                0x0002d46c                fread
 .text          0x0002d4ac      0x40c c:/altera/13.1/nios2eds/bin/gnu/h-i686-mingw32/bin/../lib/gcc/nios2-elf/4.7.3/../../../../../H-i686-mingw32/nios2-elf/lib/mno-hw-mul\libc.a(lib_a-freer.o)
                0x0002d4ac                _malloc_trim_r
                0x0002d5e8                _free_r
 .text          0x0002d8b8      0x498 c:/altera/13.1/nios2eds/bin/gnu/h-i686-mingw32/bin/../lib/gcc/nios2-elf/4.7.3/../../../../../H-i686-mingw32/nios2-elf/lib/mno-hw-mul\libc.a(lib_a-fseek.o)
                0x0002d8b8                _fseek_r
                0x0002dd2c                fseek
 .text          0x0002dd50       0x68 c:/altera/13.1/nios2eds/bin/gnu/h-i686-mingw32/bin/../lib/gcc/nios2-elf/4.7.3/../../../../../H-i686-mingw32/nios2-elf/lib/mno-hw-mul\libc.a(lib_a-fstatr.o)
                0x0002dd50                _fstat_r
 .text          0x0002ddb8      0x124 c:/altera/13.1/nios2eds/bin/gnu/h-i686-mingw32/bin/../lib/gcc/nios2-elf/4.7.3/../../../../../H-i686-mingw32/nios2-elf/lib/mno-hw-mul\libc.a(lib_a-ftell.o)
                0x0002ddb8                _ftell_r
                0x0002dec8                ftell
 .text          0x0002dedc      0x160 c:/altera/13.1/nios2eds/bin/gnu/h-i686-mingw32/bin/../lib/gcc/nios2-elf/4.7.3/../../../../../H-i686-mingw32/nios2-elf/lib/mno-hw-mul\libc.a(lib_a-fwalk.o)
                0x0002dedc                _fwalk
                0x0002df84                _fwalk_reent
 .text          0x0002e03c       0xf0 c:/altera/13.1/nios2eds/bin/gnu/h-i686-mingw32/bin/../lib/gcc/nios2-elf/4.7.3/../../../../../H-i686-mingw32/nios2-elf/lib/mno-hw-mul\libc.a(lib_a-fwrite.o)
                0x0002e03c                _fwrite_r
                0x0002e0ec                fwrite
 .text          0x0002e12c       0x48 c:/altera/13.1/nios2eds/bin/gnu/h-i686-mingw32/bin/../lib/gcc/nios2-elf/4.7.3/../../../../../H-i686-mingw32/nios2-elf/lib/mno-hw-mul\libc.a(lib_a-getenv.o)
                0x0002e12c                _findenv
                0x0002e148                getenv
 .text          0x0002e174      0x128 c:/altera/13.1/nios2eds/bin/gnu/h-i686-mingw32/bin/../lib/gcc/nios2-elf/4.7.3/../../../../../H-i686-mingw32/nios2-elf/lib/mno-hw-mul\libc.a(lib_a-getenv_r.o)
                0x0002e174                _findenv_r
                0x0002e280                _getenv_r
 .text          0x0002e29c        0x0 c:/altera/13.1/nios2eds/bin/gnu/h-i686-mingw32/bin/../lib/gcc/nios2-elf/4.7.3/../../../../../H-i686-mingw32/nios2-elf/lib/mno-hw-mul\libc.a(lib_a-impure.o)
 .text          0x0002e29c        0x0 c:/altera/13.1/nios2eds/bin/gnu/h-i686-mingw32/bin/../lib/gcc/nios2-elf/4.7.3/../../../../../H-i686-mingw32/nios2-elf/lib/mno-hw-mul\libc.a(lib_a-int_errno.o)
 .text          0x0002e29c      0x1a8 c:/altera/13.1/nios2eds/bin/gnu/h-i686-mingw32/bin/../lib/gcc/nios2-elf/4.7.3/../../../../../H-i686-mingw32/nios2-elf/lib/mno-hw-mul\libc.a(lib_a-makebuf.o)
                0x0002e29c                __smakebuf_r
 .text          0x0002e444       0x28 c:/altera/13.1/nios2eds/bin/gnu/h-i686-mingw32/bin/../lib/gcc/nios2-elf/4.7.3/../../../../../H-i686-mingw32/nios2-elf/lib/mno-hw-mul\libc.a(lib_a-malloc.o)
                0x0002e444                malloc
                0x0002e458                free
 .text          0x0002e46c      0x784 c:/altera/13.1/nios2eds/bin/gnu/h-i686-mingw32/bin/../lib/gcc/nios2-elf/4.7.3/../../../../../H-i686-mingw32/nios2-elf/lib/mno-hw-mul\libc.a(lib_a-mallocr.o)
                0x0002e46c                _malloc_r
 .text          0x0002ebf0      0x140 c:/altera/13.1/nios2eds/bin/gnu/h-i686-mingw32/bin/../lib/gcc/nios2-elf/4.7.3/../../../../../H-i686-mingw32/nios2-elf/lib/mno-hw-mul\libc.a(lib_a-memcpy.o)
                0x0002ebf0                memcpy
 .text          0x0002ed30       0xdc c:/altera/13.1/nios2eds/bin/gnu/h-i686-mingw32/bin/../lib/gcc/nios2-elf/4.7.3/../../../../../H-i686-mingw32/nios2-elf/lib/mno-hw-mul\libc.a(lib_a-memset.o)
                0x0002ed30                memset
 .text          0x0002ee0c       0x6c c:/altera/13.1/nios2eds/bin/gnu/h-i686-mingw32/bin/../lib/gcc/nios2-elf/4.7.3/../../../../../H-i686-mingw32/nios2-elf/lib/mno-hw-mul\libc.a(lib_a-openr.o)
                0x0002ee0c                _open_r
 .text          0x0002ee78       0x68 c:/altera/13.1/nios2eds/bin/gnu/h-i686-mingw32/bin/../lib/gcc/nios2-elf/4.7.3/../../../../../H-i686-mingw32/nios2-elf/lib/mno-hw-mul\libc.a(lib_a-printf.o)
                0x0002ee78                _printf_r
                0x0002eea4                printf
 .text          0x0002eee0       0x98 c:/altera/13.1/nios2eds/bin/gnu/h-i686-mingw32/bin/../lib/gcc/nios2-elf/4.7.3/../../../../../H-i686-mingw32/nios2-elf/lib/mno-hw-mul\libc.a(lib_a-puts.o)
                0x0002eee0                _puts_r
                0x0002ef64                puts
 .text          0x0002ef78      0x208 c:/altera/13.1/nios2eds/bin/gnu/h-i686-mingw32/bin/../lib/gcc/nios2-elf/4.7.3/../../../../../H-i686-mingw32/nios2-elf/lib/mno-hw-mul\libc.a(lib_a-refill.o)
                0x0002ef94                __srefill_r
 .text          0x0002f180       0x4c c:/altera/13.1/nios2eds/bin/gnu/h-i686-mingw32/bin/../lib/gcc/nios2-elf/4.7.3/../../../../../H-i686-mingw32/nios2-elf/lib/mno-hw-mul\libc.a(lib_a-rewind.o)
                0x0002f180                _rewind_r
                0x0002f1b8                rewind
 .text          0x0002f1cc       0x64 c:/altera/13.1/nios2eds/bin/gnu/h-i686-mingw32/bin/../lib/gcc/nios2-elf/4.7.3/../../../../../H-i686-mingw32/nios2-elf/lib/mno-hw-mul\libc.a(lib_a-sbrkr.o)
                0x0002f1cc                _sbrk_r
 .text          0x0002f230       0x6c c:/altera/13.1/nios2eds/bin/gnu/h-i686-mingw32/bin/../lib/gcc/nios2-elf/4.7.3/../../../../../H-i686-mingw32/nios2-elf/lib/mno-hw-mul\libc.a(lib_a-scanf.o)
                0x0002f230                scanf
                0x0002f270                _scanf_r
 .text          0x0002f29c       0xc4 c:/altera/13.1/nios2eds/bin/gnu/h-i686-mingw32/bin/../lib/gcc/nios2-elf/4.7.3/../../../../../H-i686-mingw32/nios2-elf/lib/mno-hw-mul\libc.a(lib_a-sprintf.o)
                0x0002f29c                _sprintf_r
                0x0002f2f4                sprintf
 .text          0x0002f360       0xfc c:/altera/13.1/nios2eds/bin/gnu/h-i686-mingw32/bin/../lib/gcc/nios2-elf/4.7.3/../../../../../H-i686-mingw32/nios2-elf/lib/mno-hw-mul\libc.a(lib_a-sscanf.o)
                0x0002f368                sscanf
                0x0002f3e4                _sscanf_r
 .text          0x0002f45c      0x140 c:/altera/13.1/nios2eds/bin/gnu/h-i686-mingw32/bin/../lib/gcc/nios2-elf/4.7.3/../../../../../H-i686-mingw32/nios2-elf/lib/mno-hw-mul\libc.a(lib_a-stdio.o)
                0x0002f45c                __sread
                0x0002f4b0                __swrite
                0x0002f538                __sseek
                0x0002f594                __sclose
 .text          0x0002f59c       0x98 c:/altera/13.1/nios2eds/bin/gnu/h-i686-mingw32/bin/../lib/gcc/nios2-elf/4.7.3/../../../../../H-i686-mingw32/nios2-elf/lib/mno-hw-mul\libc.a(lib_a-strcat.o)
                0x0002f59c                strcat
 .text          0x0002f634       0xa4 c:/altera/13.1/nios2eds/bin/gnu/h-i686-mingw32/bin/../lib/gcc/nios2-elf/4.7.3/../../../../../H-i686-mingw32/nios2-elf/lib/mno-hw-mul\libc.a(lib_a-strcmp.o)
                0x0002f634                strcmp
 .text          0x0002f6d8       0x94 c:/altera/13.1/nios2eds/bin/gnu/h-i686-mingw32/bin/../lib/gcc/nios2-elf/4.7.3/../../../../../H-i686-mingw32/nios2-elf/lib/mno-hw-mul\libc.a(lib_a-strcpy.o)
                0x0002f6d8                strcpy
 .text          0x0002f76c       0x8c c:/altera/13.1/nios2eds/bin/gnu/h-i686-mingw32/bin/../lib/gcc/nios2-elf/4.7.3/../../../../../H-i686-mingw32/nios2-elf/lib/mno-hw-mul\libc.a(lib_a-strlen.o)
                0x0002f76c                strlen
 .text          0x0002f7f8       0xfc c:/altera/13.1/nios2eds/bin/gnu/h-i686-mingw32/bin/../lib/gcc/nios2-elf/4.7.3/../../../../../H-i686-mingw32/nios2-elf/lib/mno-hw-mul\libc.a(lib_a-strncmp.o)
                0x0002f7f8                strncmp
 .text          0x0002f8f4       0xb8 c:/altera/13.1/nios2eds/bin/gnu/h-i686-mingw32/bin/../lib/gcc/nios2-elf/4.7.3/../../../../../H-i686-mingw32/nios2-elf/lib/mno-hw-mul\libc.a(lib_a-strncpy.o)
                0x0002f8f4                strncpy
 .text          0x0002f9ac       0xd8 c:/altera/13.1/nios2eds/bin/gnu/h-i686-mingw32/bin/../lib/gcc/nios2-elf/4.7.3/../../../../../H-i686-mingw32/nios2-elf/lib/mno-hw-mul\libc.a(lib_a-tmpfile.o)
                0x0002f9ac                _tmpfile_r
                0x0002fa74                tmpfile
 .text          0x0002fa84      0x2a0 c:/altera/13.1/nios2eds/bin/gnu/h-i686-mingw32/bin/../lib/gcc/nios2-elf/4.7.3/../../../../../H-i686-mingw32/nios2-elf/lib/mno-hw-mul\libc.a(lib_a-tmpnam.o)
                0x0002fb64                _tmpnam_r
                0x0002fbfc                _tempnam_r
                0x0002fcf4                tempnam
                0x0002fd10                tmpnam
 .text          0x0002fd24     0x1ed4 c:/altera/13.1/nios2eds/bin/gnu/h-i686-mingw32/bin/../lib/gcc/nios2-elf/4.7.3/../../../../../H-i686-mingw32/nios2-elf/lib/mno-hw-mul\libc.a(lib_a-vfprintf.o)
                0x0002fd58                ___vfprintf_internal_r
                0x00031bd4                __vfprintf_internal
 .text          0x00031bf8     0x1788 c:/altera/13.1/nios2eds/bin/gnu/h-i686-mingw32/bin/../lib/gcc/nios2-elf/4.7.3/../../../../../H-i686-mingw32/nios2-elf/lib/mno-hw-mul\libc.a(lib_a-vfscanf.o)
                0x00031bf8                __svfscanf_r
                0x000332a0                _vfscanf_r
                0x000332ec                __svfscanf
                0x00033310                vfscanf
 .text          0x00033380       0x6c c:/altera/13.1/nios2eds/bin/gnu/h-i686-mingw32/bin/../lib/gcc/nios2-elf/4.7.3/../../../../../H-i686-mingw32/nios2-elf/lib/mno-hw-mul\libc.a(lib_a-writer.o)
                0x00033380                _write_r
 .text          0x000333ec      0x174 c:/altera/13.1/nios2eds/bin/gnu/h-i686-mingw32/bin/../lib/gcc/nios2-elf/4.7.3/../../../../../H-i686-mingw32/nios2-elf/lib/mno-hw-mul\libc.a(lib_a-wsetup.o)
                0x000333ec                __swsetup_r
 .text          0x00033560      0x1a0 c:/altera/13.1/nios2eds/bin/gnu/h-i686-mingw32/bin/../lib/gcc/nios2-elf/4.7.3/../../../../../H-i686-mingw32/nios2-elf/lib/mno-hw-mul\libc.a(lib_a-__call_atexit.o)
                0x00033560                __call_exitprocs
 .text          0x00033700       0x64 c:/altera/13.1/nios2eds/bin/gnu/h-i686-mingw32/bin/../lib/gcc/nios2-elf/4.7.3/../../../../../H-i686-mingw32/nios2-elf/lib/mno-hw-mul\libc.a(lib_a-closer.o)
                0x00033700                _close_r
 .text          0x00033764     0x1858 c:/altera/13.1/nios2eds/bin/gnu/h-i686-mingw32/bin/../lib/gcc/nios2-elf/4.7.3/../../../../../H-i686-mingw32/nios2-elf/lib/mno-hw-mul\libc.a(lib_a-dtoa.o)
                0x000339a0                _dtoa_r
 .text          0x00034fbc        0x0 c:/altera/13.1/nios2eds/bin/gnu/h-i686-mingw32/bin/../lib/gcc/nios2-elf/4.7.3/../../../../../H-i686-mingw32/nios2-elf/lib/mno-hw-mul\libc.a(lib_a-environ.o)
 .text          0x00034fbc       0xd4 c:/altera/13.1/nios2eds/bin/gnu/h-i686-mingw32/bin/../lib/gcc/nios2-elf/4.7.3/../../../../../H-i686-mingw32/nios2-elf/lib/mno-hw-mul\libc.a(lib_a-fdopen.o)
                0x00034fbc                _fdopen_r
                0x00035074                fdopen
 .text          0x00035090       0x98 c:/altera/13.1/nios2eds/bin/gnu/h-i686-mingw32/bin/../lib/gcc/nios2-elf/4.7.3/../../../../../H-i686-mingw32/nios2-elf/lib/mno-hw-mul\libc.a(lib_a-flags.o)
                0x00035090                __sflags
 .text          0x00035128      0x4e4 c:/altera/13.1/nios2eds/bin/gnu/h-i686-mingw32/bin/../lib/gcc/nios2-elf/4.7.3/../../../../../H-i686-mingw32/nios2-elf/lib/mno-hw-mul\libc.a(lib_a-fvwrite.o)
                0x00035128                __sfvwrite_r
 .text          0x0003560c       0x64 c:/altera/13.1/nios2eds/bin/gnu/h-i686-mingw32/bin/../lib/gcc/nios2-elf/4.7.3/../../../../../H-i686-mingw32/nios2-elf/lib/mno-hw-mul\libc.a(lib_a-isattyr.o)
                0x0003560c                _isatty_r
 .text          0x00035670       0x38 c:/altera/13.1/nios2eds/bin/gnu/h-i686-mingw32/bin/../lib/gcc/nios2-elf/4.7.3/../../../../../H-i686-mingw32/nios2-elf/lib/mno-hw-mul\libc.a(lib_a-iswspace.o)
                0x00035670                iswspace
 .text          0x000356a8       0xdc c:/altera/13.1/nios2eds/bin/gnu/h-i686-mingw32/bin/../lib/gcc/nios2-elf/4.7.3/../../../../../H-i686-mingw32/nios2-elf/lib/mno-hw-mul\libc.a(lib_a-locale.o)
                0x000356a8                _setlocale_r
                0x00035744                __locale_charset
                0x00035750                _localeconv_r
                0x0003575c                setlocale
                0x00035778                localeconv
 .text          0x00035784       0x6c c:/altera/13.1/nios2eds/bin/gnu/h-i686-mingw32/bin/../lib/gcc/nios2-elf/4.7.3/../../../../../H-i686-mingw32/nios2-elf/lib/mno-hw-mul\libc.a(lib_a-lseekr.o)
                0x00035784                _lseek_r
 .text          0x000357f0       0xa4 c:/altera/13.1/nios2eds/bin/gnu/h-i686-mingw32/bin/../lib/gcc/nios2-elf/4.7.3/../../../../../H-i686-mingw32/nios2-elf/lib/mno-hw-mul\libc.a(lib_a-mbrtowc.o)
                0x000357f0                _mbrtowc_r
                0x00035854                mbrtowc
 .text          0x00035894       0x44 c:/altera/13.1/nios2eds/bin/gnu/h-i686-mingw32/bin/../lib/gcc/nios2-elf/4.7.3/../../../../../H-i686-mingw32/nios2-elf/lib/mno-hw-mul\libc.a(lib_a-mbtowc_r.o)
                0x00035894                _mbtowc_r
 .text          0x000358d8       0xf8 c:/altera/13.1/nios2eds/bin/gnu/h-i686-mingw32/bin/../lib/gcc/nios2-elf/4.7.3/../../../../../H-i686-mingw32/nios2-elf/lib/mno-hw-mul\libc.a(lib_a-memchr.o)
                0x000358d8                memchr
 .text          0x000359d0      0x18c c:/altera/13.1/nios2eds/bin/gnu/h-i686-mingw32/bin/../lib/gcc/nios2-elf/4.7.3/../../../../../H-i686-mingw32/nios2-elf/lib/mno-hw-mul\libc.a(lib_a-memmove.o)
                0x000359d0                memmove
 .text          0x00035b5c     0x1050 c:/altera/13.1/nios2eds/bin/gnu/h-i686-mingw32/bin/../lib/gcc/nios2-elf/4.7.3/../../../../../H-i686-mingw32/nios2-elf/lib/mno-hw-mul\libc.a(lib_a-mprec.o)
                0x00035b5c                _Balloc
                0x00035c04                _Bfree
                0x00035c2c                __multadd
                0x00035d70                __s2b
                0x00035e74                __hi0bits
                0x00035edc                __lo0bits
                0x00035f8c                __i2b
                0x00035fc8                __multiply
                0x00036220                __pow5mult
                0x0003634c                __lshift
                0x000364a8                __mcmp
                0x00036500                __mdiff
                0x000366a8                __ulp
                0x00036708                __b2d
                0x00036850                __d2b
                0x00036994                __ratio
                0x00036a38                _mprec_log10
                0x00036aac                __copybits
                0x00036b28                __any_on
 .text          0x00036bac       0x6c c:/altera/13.1/nios2eds/bin/gnu/h-i686-mingw32/bin/../lib/gcc/nios2-elf/4.7.3/../../../../../H-i686-mingw32/nios2-elf/lib/mno-hw-mul\libc.a(lib_a-readr.o)
                0x00036bac                _read_r
 .text          0x00036c18      0x5fc c:/altera/13.1/nios2eds/bin/gnu/h-i686-mingw32/bin/../lib/gcc/nios2-elf/4.7.3/../../../../../H-i686-mingw32/nios2-elf/lib/mno-hw-mul\libc.a(lib_a-reallocr.o)
                0x00036c18                _realloc_r
 .text          0x00037214       0x44 c:/altera/13.1/nios2eds/bin/gnu/h-i686-mingw32/bin/../lib/gcc/nios2-elf/4.7.3/../../../../../H-i686-mingw32/nios2-elf/lib/mno-hw-mul\libc.a(lib_a-remove.o)
                0x00037214                _remove_r
                0x00037244                remove
 .text          0x00037258       0x38 c:/altera/13.1/nios2eds/bin/gnu/h-i686-mingw32/bin/../lib/gcc/nios2-elf/4.7.3/../../../../../H-i686-mingw32/nios2-elf/lib/mno-hw-mul\libc.a(lib_a-s_isinfd.o)
                0x00037258                __isinfd
 .text          0x00037290       0x2c c:/altera/13.1/nios2eds/bin/gnu/h-i686-mingw32/bin/../lib/gcc/nios2-elf/4.7.3/../../../../../H-i686-mingw32/nios2-elf/lib/mno-hw-mul\libc.a(lib_a-s_isnand.o)
                0x00037290                __isnand
 .text          0x000372bc       0xc4 c:/altera/13.1/nios2eds/bin/gnu/h-i686-mingw32/bin/../lib/gcc/nios2-elf/4.7.3/../../../../../H-i686-mingw32/nios2-elf/lib/mno-hw-mul\libc.a(lib_a-sccl.o)
                0x000372bc                __sccl
 .text          0x00037380        0x8 c:/altera/13.1/nios2eds/bin/gnu/h-i686-mingw32/bin/../lib/gcc/nios2-elf/4.7.3/../../../../../H-i686-mingw32/nios2-elf/lib/mno-hw-mul\libc.a(lib_a-sf_nan.o)
                0x00037380                nanf
 .text          0x00037388       0x6c c:/altera/13.1/nios2eds/bin/gnu/h-i686-mingw32/bin/../lib/gcc/nios2-elf/4.7.3/../../../../../H-i686-mingw32/nios2-elf/lib/mno-hw-mul\libc.a(lib_a-signalr.o)
                0x00037388                _kill_r
                0x000373f0                _getpid_r
 .text          0x000373f4     0x1684 c:/altera/13.1/nios2eds/bin/gnu/h-i686-mingw32/bin/../lib/gcc/nios2-elf/4.7.3/../../../../../H-i686-mingw32/nios2-elf/lib/mno-hw-mul\libc.a(lib_a-strtod.o)
                0x000373f4                _strtod_r
                0x0003893c                strtod
                0x00038958                strtof
 .text          0x00038a78      0x29c c:/altera/13.1/nios2eds/bin/gnu/h-i686-mingw32/bin/../lib/gcc/nios2-elf/4.7.3/../../../../../H-i686-mingw32/nios2-elf/lib/mno-hw-mul\libc.a(lib_a-strtol.o)
                0x00038a78                _strtol_r
                0x00038cf0                strtol
 .text          0x00038d14      0x330 c:/altera/13.1/nios2eds/bin/gnu/h-i686-mingw32/bin/../lib/gcc/nios2-elf/4.7.3/../../../../../H-i686-mingw32/nios2-elf/lib/mno-hw-mul\libc.a(lib_a-strtoll_r.o)
                0x00038d14                _strtoll_r
 .text          0x00039044      0x2c8 c:/altera/13.1/nios2eds/bin/gnu/h-i686-mingw32/bin/../lib/gcc/nios2-elf/4.7.3/../../../../../H-i686-mingw32/nios2-elf/lib/mno-hw-mul\libc.a(lib_a-strtoul.o)
                0x00039044                _strtoul_r
                0x000392e8                strtoul
 .text          0x0003930c      0x394 c:/altera/13.1/nios2eds/bin/gnu/h-i686-mingw32/bin/../lib/gcc/nios2-elf/4.7.3/../../../../../H-i686-mingw32/nios2-elf/lib/mno-hw-mul\libc.a(lib_a-strtoull_r.o)
                0x0003930c                _strtoull_r
 .text          0x000396a0      0x2a8 c:/altera/13.1/nios2eds/bin/gnu/h-i686-mingw32/bin/../lib/gcc/nios2-elf/4.7.3/../../../../../H-i686-mingw32/nios2-elf/lib/mno-hw-mul\libc.a(lib_a-ungetc.o)
                0x000396a0                __submore
                0x00039790                _ungetc_r
                0x0003992c                ungetc
 .text          0x00039948       0x64 c:/altera/13.1/nios2eds/bin/gnu/h-i686-mingw32/bin/../lib/gcc/nios2-elf/4.7.3/../../../../../H-i686-mingw32/nios2-elf/lib/mno-hw-mul\libc.a(lib_a-unlinkr.o)
                0x00039948                _unlink_r
 .text          0x000399ac       0xcc c:/altera/13.1/nios2eds/bin/gnu/h-i686-mingw32/bin/../lib/gcc/nios2-elf/4.7.3/../../../../../H-i686-mingw32/nios2-elf/lib/mno-hw-mul\libc.a(lib_a-callocr.o)
                0x000399ac                _calloc_r
 .text          0x00039a78      0x918 c:/altera/13.1/nios2eds/bin/gnu/h-i686-mingw32/bin/../lib/gcc/nios2-elf/4.7.3/../../../../../H-i686-mingw32/nios2-elf/lib/mno-hw-mul\libc.a(lib_a-gdtoa-gethex.o)
                0x00039b88                __hexdig_init
                0x00039c18                __gethex
 .text          0x0003a390      0x28c c:/altera/13.1/nios2eds/bin/gnu/h-i686-mingw32/bin/../lib/gcc/nios2-elf/4.7.3/../../../../../H-i686-mingw32/nios2-elf/lib/mno-hw-mul\libc.a(lib_a-gdtoa-hexnan.o)
                0x0003a390                __hexnan
 .text          0x0003a61c       0x84 c:/altera/13.1/nios2eds/bin/gnu/h-i686-mingw32/bin/../lib/gcc/nios2-elf/4.7.3/mno-hw-mul\libgcc.a(_fixunsdfsi.o)
                0x0003a61c                __fixunsdfsi
 .text          0x0003a6a0      0x650 c:/altera/13.1/nios2eds/bin/gnu/h-i686-mingw32/bin/../lib/gcc/nios2-elf/4.7.3/mno-hw-mul\libgcc.a(_udivdi3.o)
                0x0003a6a0                __udivdi3
 .text          0x0003acf0      0x628 c:/altera/13.1/nios2eds/bin/gnu/h-i686-mingw32/bin/../lib/gcc/nios2-elf/4.7.3/mno-hw-mul\libgcc.a(_umoddi3.o)
                0x0003acf0                __umoddi3
 .text          0x0003b318       0x54 c:/altera/13.1/nios2eds/bin/gnu/h-i686-mingw32/bin/../lib/gcc/nios2-elf/4.7.3/mno-hw-mul\libgcc.a(_eq_sf.o)
                0x0003b318                __eqsf2
 .text          0x0003b36c       0x5c c:/altera/13.1/nios2eds/bin/gnu/h-i686-mingw32/bin/../lib/gcc/nios2-elf/4.7.3/mno-hw-mul\libgcc.a(_gt_sf.o)
                0x0003b36c                __gtsf2
 .text          0x0003b3c8       0x54 c:/altera/13.1/nios2eds/bin/gnu/h-i686-mingw32/bin/../lib/gcc/nios2-elf/4.7.3/mno-hw-mul\libgcc.a(_lt_sf.o)
                0x0003b3c8                __ltsf2
 .text          0x0003b41c      0x408 c:/altera/13.1/nios2eds/bin/gnu/h-i686-mingw32/bin/../lib/gcc/nios2-elf/4.7.3/mno-hw-mul\libgcc.a(_addsub_df.o)
                0x0003b770                __adddf3
                0x0003b7c4                __subdf3
 .text          0x0003b824       0x5c c:/altera/13.1/nios2eds/bin/gnu/h-i686-mingw32/bin/../lib/gcc/nios2-elf/4.7.3/mno-hw-mul\libgcc.a(_eq_df.o)
                0x0003b824                __eqdf2
 .text          0x0003b880       0x5c c:/altera/13.1/nios2eds/bin/gnu/h-i686-mingw32/bin/../lib/gcc/nios2-elf/4.7.3/mno-hw-mul\libgcc.a(_ne_df.o)
                0x0003b880                __nedf2
 .text          0x0003b8dc       0x64 c:/altera/13.1/nios2eds/bin/gnu/h-i686-mingw32/bin/../lib/gcc/nios2-elf/4.7.3/mno-hw-mul\libgcc.a(_gt_df.o)
                0x0003b8dc                __gtdf2
 .text          0x0003b940       0x64 c:/altera/13.1/nios2eds/bin/gnu/h-i686-mingw32/bin/../lib/gcc/nios2-elf/4.7.3/mno-hw-mul\libgcc.a(_ge_df.o)
                0x0003b940                __gedf2
 .text          0x0003b9a4       0x5c c:/altera/13.1/nios2eds/bin/gnu/h-i686-mingw32/bin/../lib/gcc/nios2-elf/4.7.3/mno-hw-mul\libgcc.a(_lt_df.o)
                0x0003b9a4                __ltdf2
 .text          0x0003ba00       0x5c c:/altera/13.1/nios2eds/bin/gnu/h-i686-mingw32/bin/../lib/gcc/nios2-elf/4.7.3/mno-hw-mul\libgcc.a(_le_df.o)
                0x0003ba00                __ledf2
 .text          0x0003ba5c       0xd4 c:/altera/13.1/nios2eds/bin/gnu/h-i686-mingw32/bin/../lib/gcc/nios2-elf/4.7.3/mno-hw-mul\libgcc.a(_si_to_df.o)
                0x0003ba5c                __floatsidf
 .text          0x0003bb30       0xd4 c:/altera/13.1/nios2eds/bin/gnu/h-i686-mingw32/bin/../lib/gcc/nios2-elf/4.7.3/mno-hw-mul\libgcc.a(_df_to_si.o)
                0x0003bb30                __fixdfsi
 .text          0x0003bc04       0xbc c:/altera/13.1/nios2eds/bin/gnu/h-i686-mingw32/bin/../lib/gcc/nios2-elf/4.7.3/mno-hw-mul\libgcc.a(_fpcmp_parts_sf.o)
                0x0003bc04                __fpcmp_parts_f
 .text          0x0003bcc0       0xd0 c:/altera/13.1/nios2eds/bin/gnu/h-i686-mingw32/bin/../lib/gcc/nios2-elf/4.7.3/mno-hw-mul\libgcc.a(_fpcmp_parts_df.o)
                0x0003bcc0                __fpcmp_parts_d
 .text          0x0003bd90      0x11c ../JPEG_Encoder_bsp/\libhal_bsp.a(alt_close.o)
                0x0003bde0                close
 .text          0x0003beac       0x2c ../JPEG_Encoder_bsp/\libhal_bsp.a(alt_dev.o)
 .text          0x0003bed8       0x40 ../JPEG_Encoder_bsp/\libhal_bsp.a(alt_env_lock.o)
                0x0003bed8                __env_lock
                0x0003bef8                __env_unlock
 .text          0x0003bf18        0x0 ../JPEG_Encoder_bsp/\libhal_bsp.a(alt_errno.o)
 .text          0x0003bf18       0x3c ../JPEG_Encoder_bsp/\libhal_bsp.a(alt_exit.o)
                0x0003bf18                _exit
 .text          0x0003bf54      0x100 ../JPEG_Encoder_bsp/\libhal_bsp.a(alt_fstat.o)
                0x0003bfa4                fstat
 .text          0x0003c054       0x20 ../JPEG_Encoder_bsp/\libhal_bsp.a(alt_getpid.o)
                0x0003c054                getpid
 .text          0x0003c074       0xf4 ../JPEG_Encoder_bsp/\libhal_bsp.a(alt_isatty.o)
                0x0003c0c4                isatty
 .text          0x0003c168      0x180 ../JPEG_Encoder_bsp/\libhal_bsp.a(alt_kill.o)
                0x0003c1b8                kill
 .text          0x0003c2e8       0xec ../JPEG_Encoder_bsp/\libhal_bsp.a(alt_load.o)
                0x0003c354                alt_load
 .text          0x0003c3d4      0x124 ../JPEG_Encoder_bsp/\libhal_bsp.a(alt_lseek.o)
                0x0003c424                lseek
 .text          0x0003c4f8       0x78 ../JPEG_Encoder_bsp/\libhal_bsp.a(alt_main.o)
                0x0003c4f8                alt_main
 .text          0x0003c570       0x40 ../JPEG_Encoder_bsp/\libhal_bsp.a(alt_malloc_lock.o)
                0x0003c570                __malloc_lock
                0x0003c590                __malloc_unlock
 .text          0x0003c5b0      0x298 ../JPEG_Encoder_bsp/\libhal_bsp.a(alt_open.o)
                0x0003c6f0                open
 .text          0x0003c848      0x144 ../JPEG_Encoder_bsp/\libhal_bsp.a(alt_read.o)
                0x0003c898                read
 .text          0x0003c98c       0x80 ../JPEG_Encoder_bsp/\libhal_bsp.a(alt_release_fd.o)
                0x0003c98c                alt_release_fd
 .text          0x0003ca0c       0xb0 ../JPEG_Encoder_bsp/\libhal_bsp.a(alt_sbrk.o)
                0x0003ca0c                sbrk
 .text          0x0003cabc       0x88 ../JPEG_Encoder_bsp/\libhal_bsp.a(alt_unlink.o)
                0x0003cb0c                unlink
 .text          0x0003cb44       0x30 ../JPEG_Encoder_bsp/\libhal_bsp.a(alt_usleep.o)
                0x0003cb44                usleep
 .text          0x0003cb74      0x140 ../JPEG_Encoder_bsp/\libhal_bsp.a(alt_write.o)
                0x0003cbc4                write
 .text          0x0003ccb4       0xd4 ../JPEG_Encoder_bsp/\libhal_bsp.a(alt_sys_init.o)
                0x0003ccec                alt_irq_init
                0x0003cd20                alt_sys_init
 .text          0x0003cd88      0x164 ../JPEG_Encoder_bsp/\libhal_bsp.a(altera_avalon_jtag_uart_fd.o)
                0x0003cd88                altera_avalon_jtag_uart_read_fd
                0x0003cde8                altera_avalon_jtag_uart_write_fd
                0x0003ce48                altera_avalon_jtag_uart_close_fd
                0x0003ce98                altera_avalon_jtag_uart_ioctl_fd
 .text          0x0003ceec      0x3d0 ../JPEG_Encoder_bsp/\libhal_bsp.a(altera_avalon_jtag_uart_init.o)
                0x0003ceec                altera_avalon_jtag_uart_init
                0x0003d254                altera_avalon_jtag_uart_close
 .text          0x0003d2bc       0xf4 ../JPEG_Encoder_bsp/\libhal_bsp.a(altera_avalon_jtag_uart_ioctl.o)
                0x0003d2bc                altera_avalon_jtag_uart_ioctl
 .text          0x0003d3b0      0x218 ../JPEG_Encoder_bsp/\libhal_bsp.a(altera_avalon_jtag_uart_read.o)
                0x0003d3b0                altera_avalon_jtag_uart_read
 .text          0x0003d5c8      0x224 ../JPEG_Encoder_bsp/\libhal_bsp.a(altera_avalon_jtag_uart_write.o)
                0x0003d5c8                altera_avalon_jtag_uart_write
 .text          0x0003d7ec       0xfc ../JPEG_Encoder_bsp/\libhal_bsp.a(altera_avalon_timer_sc.o)
                0x0003d860                alt_avalon_timer_sc_init
 .text          0x0003d8e8      0x628 ../JPEG_Encoder_bsp/\libhal_bsp.a(altera_hostfs.o)
                0x0003d8e8                alt_hostfs_open
                0x0003da54                alt_hostfs_close
                0x0003dac0                alt_hostfs_read
                0x0003db78                alt_hostfs_write
                0x0003dc30                alt_hostfs_seek
                0x0003dce8                alt_hostfs_fstat
 .text          0x0003df10      0x140 ../JPEG_Encoder_bsp/\libhal_bsp.a(alt_alarm_start.o)
                0x0003df10                alt_alarm_start
 .text          0x0003e050      0x154 ../JPEG_Encoder_bsp/\libhal_bsp.a(alt_busy_sleep.o)
                0x0003e050                alt_busy_sleep
 .text          0x0003e1a4       0x1c ../JPEG_Encoder_bsp/\libhal_bsp.a(alt_dcache_flush_all.o)
                0x0003e1a4                alt_dcache_flush_all
 .text          0x0003e1c0       0xf0 ../JPEG_Encoder_bsp/\libhal_bsp.a(alt_dev_llist_insert.o)
                0x0003e210                alt_dev_llist_insert
 .text          0x0003e2b0       0x5c ../JPEG_Encoder_bsp/\libhal_bsp.a(alt_do_ctors.o)
                0x0003e2b0                _do_ctors
 .text          0x0003e30c       0x5c ../JPEG_Encoder_bsp/\libhal_bsp.a(alt_do_dtors.o)
                0x0003e30c                _do_dtors
 .text          0x0003e368       0x90 ../JPEG_Encoder_bsp/\libhal_bsp.a(alt_find_dev.o)
                0x0003e368                alt_find_dev
 .text          0x0003e3f8      0x114 ../JPEG_Encoder_bsp/\libhal_bsp.a(alt_find_file.o)
                0x0003e3f8                alt_find_file
 .text          0x0003e50c       0x84 ../JPEG_Encoder_bsp/\libhal_bsp.a(alt_fs_reg.o)
                0x0003e50c                alt_fs_reg
 .text          0x0003e590       0xd4 ../JPEG_Encoder_bsp/\libhal_bsp.a(alt_get_fd.o)
                0x0003e590                alt_get_fd
 .text          0x0003e664       0x30 ../JPEG_Encoder_bsp/\libhal_bsp.a(alt_icache_flush_all.o)
                0x0003e664                alt_icache_flush_all
 .text          0x0003e694      0x1d8 ../JPEG_Encoder_bsp/\libhal_bsp.a(alt_iic.o)
                0x0003e694                alt_ic_isr_register
                0x0003e6e4                alt_ic_irq_enable
                0x0003e780                alt_ic_irq_disable
                0x0003e820                alt_ic_irq_enabled
 .text          0x0003e86c       0xf0 ../JPEG_Encoder_bsp/\libhal_bsp.a(alt_iic_isr_register.o)
                0x0003e86c                alt_iic_isr_register
 .text          0x0003e95c      0x158 ../JPEG_Encoder_bsp/\libhal_bsp.a(alt_io_redirect.o)
                0x0003ea3c                alt_io_redirect
 .text          0x0003eab4        0x0 ../JPEG_Encoder_bsp/\libhal_bsp.a(alt_irq_entry.o)
 .text          0x0003eab4        0x0 ../JPEG_Encoder_bsp/\libhal_bsp.a(alt_irq_handler.o)
 .text          0x0003eab4        0x0 ../JPEG_Encoder_bsp/\libhal_bsp.a(alt_irq_vars.o)
 .text          0x0003eab4      0x19c ../JPEG_Encoder_bsp/\libhal_bsp.a(alt_tick.o)
                0x0003eab4                alt_alarm_stop
                0x0003eb4c                alt_tick
 .text          0x0003ec50       0x20 ../JPEG_Encoder_bsp/\libhal_bsp.a(altera_nios2_qsys_irq.o)
                0x0003ec50                altera_nios2_qsys_irq_init
 .text          0x0003ec70        0x0 ../JPEG_Encoder_bsp/\libhal_bsp.a(alt_exception_entry.o)
 .text          0x0003ec70       0x8c ../JPEG_Encoder_bsp/\libhal_bsp.a(alt_icache_flush.o)
                0x0003ec70                alt_icache_flush
 .text          0x0003ecfc       0x14 c:/altera/13.1/nios2eds/bin/gnu/h-i686-mingw32/bin/../lib/gcc/nios2-elf/4.7.3/../../../../../H-i686-mingw32/nios2-elf/lib/mno-hw-mul\libc.a(lib_a-atexit.o)
                0x0003ecfc                atexit
 .text          0x0003ed10       0x7c c:/altera/13.1/nios2eds/bin/gnu/h-i686-mingw32/bin/../lib/gcc/nios2-elf/4.7.3/../../../../../H-i686-mingw32/nios2-elf/lib/mno-hw-mul\libc.a(lib_a-memcmp.o)
                0x0003ed10                memcmp
 .text          0x0003ed8c      0x130 c:/altera/13.1/nios2eds/bin/gnu/h-i686-mingw32/bin/../lib/gcc/nios2-elf/4.7.3/../../../../../H-i686-mingw32/nios2-elf/lib/mno-hw-mul\libc.a(lib_a-__atexit.o)
                0x0003ed8c                __register_exitproc
 *(.gnu.warning.*)
 *(.fini)
                0x0003eebc                PROVIDE (__etext, ABSOLUTE (.))
                0x0003eebc                PROVIDE (_etext, ABSOLUTE (.))
                0x0003eebc                PROVIDE (etext, ABSOLUTE (.))
 *(.eh_frame_hdr)
                0x0003eebc                . = ALIGN (0x4)
                0x0003eebc                PROVIDE (__preinit_array_start, ABSOLUTE (.))
 *(.preinit_array)
                0x0003eebc                PROVIDE (__preinit_array_end, ABSOLUTE (.))
                0x0003eebc                PROVIDE (__init_array_start, ABSOLUTE (.))
 *(.init_array)
                0x0003eebc                PROVIDE (__init_array_end, ABSOLUTE (.))
                0x0003eebc                PROVIDE (__fini_array_start, ABSOLUTE (.))
 *(.fini_array)
                0x0003eebc                PROVIDE (__fini_array_end, ABSOLUTE (.))
 *(.eh_frame)
 *(.gcc_except_table .gcc_except_table.*)
 *(.dynamic)
                0x0003eebc                PROVIDE (__CTOR_LIST__, ABSOLUTE (.))
 *(.ctors)
 *(SORT(.ctors.*))
                0x0003eebc                PROVIDE (__CTOR_END__, ABSOLUTE (.))
                0x0003eebc                PROVIDE (__DTOR_LIST__, ABSOLUTE (.))
 *(.dtors)
 *(SORT(.dtors.*))
                0x0003eebc                PROVIDE (__DTOR_END__, ABSOLUTE (.))
 *(.jcr)
                0x0003eebc                . = ALIGN (0x4)

.rodata         0x0003eebc     0x28d0
                0x0003eebc                PROVIDE (__ram_rodata_start, ABSOLUTE (.))
                0x0003eebc                . = ALIGN (0x4)
 *(.rodata .rodata.* .gnu.linkonce.r.*)
 .rodata        0x0003eebc       0xc0 obj/default/application/bmp_extract.o
 .rodata        0x0003ef7c       0x14 obj/default/application/jpeg_encoding.o
 .rodata        0x0003ef90      0x1c8 obj/default/application/jpegclib/jaricom.o
                0x0003ef90                jpeg_aritab
 .rodata        0x0003f158       0xc0 obj/default/application/jpegclib/jcdctmgr.o
 .rodata        0x0003f218      0x3a0 obj/default/application/jpegclib/jcparam.o
 .rodata        0x0003f5b8     0x1514 obj/default/application/jpegclib/jerror.o
                0x000408c8                jpeg_std_message_table
 .rodata        0x00040acc        0x4 obj/default/application/jpegclib/jmemansi.o
 .rodata        0x00040ad0       0x10 obj/default/application/jpegclib/jmemmgr.o
 .rodata        0x00040ae0      0x10c obj/default/application/jpegclib/jquant1.o
 .rodata        0x00040bec      0x4ec obj/default/application/jpegclib/jutils.o
                0x00040bec                jpeg_natural_order
                0x00040d2c                jpeg_natural_order7
                0x00040e30                jpeg_natural_order6
                0x00040f00                jpeg_natural_order5
                0x00040fa4                jpeg_natural_order4
                0x00041024                jpeg_natural_order3
                0x00041088                jpeg_natural_order2
 .rodata        0x000410d8       0x54 obj/default/jpeg_encoder.o
 .rodata        0x0004112c       0x10 c:/altera/13.1/nios2eds/bin/gnu/h-i686-mingw32/bin/../lib/gcc/nios2-elf/4.7.3/mno-hw-mul\libgcc.a(_thenan_sf.o)
                0x0004112c                __thenan_sf
 .rodata        0x0004113c       0x14 c:/altera/13.1/nios2eds/bin/gnu/h-i686-mingw32/bin/../lib/gcc/nios2-elf/4.7.3/mno-hw-mul\libgcc.a(_thenan_df.o)
                0x0004113c                __thenan_df
 .rodata        0x00041150      0x100 c:/altera/13.1/nios2eds/bin/gnu/h-i686-mingw32/bin/../lib/gcc/nios2-elf/4.7.3/mno-hw-mul\libgcc.a(_clz.o)
                0x00041150                __clz_tab
 .rodata        0x00041250      0x281 c:/altera/13.1/nios2eds/bin/gnu/h-i686-mingw32/bin/../lib/gcc/nios2-elf/4.7.3/../../../../../H-i686-mingw32/nios2-elf/lib/mno-hw-mul\libc.a(lib_a-ctype_.o)
                0x00041250                _ctype_
 *fill*         0x000414d1        0x3 
 .rodata.str1.4
                0x000414d4        0x2 c:/altera/13.1/nios2eds/bin/gnu/h-i686-mingw32/bin/../lib/gcc/nios2-elf/4.7.3/../../../../../H-i686-mingw32/nios2-elf/lib/mno-hw-mul\libc.a(lib_a-impure.o)
                                  0x4 (size before relaxing)
 *fill*         0x000414d6        0x2 
 .rodata.str1.4
                0x000414d8        0x2 c:/altera/13.1/nios2eds/bin/gnu/h-i686-mingw32/bin/../lib/gcc/nios2-elf/4.7.3/../../../../../H-i686-mingw32/nios2-elf/lib/mno-hw-mul\libc.a(lib_a-puts.o)
                                  0x4 (size before relaxing)
 *fill*         0x000414da        0x2 
 .rodata.str1.4
                0x000414dc        0x4 c:/altera/13.1/nios2eds/bin/gnu/h-i686-mingw32/bin/../lib/gcc/nios2-elf/4.7.3/../../../../../H-i686-mingw32/nios2-elf/lib/mno-hw-mul\libc.a(lib_a-tmpfile.o)
 .rodata.str1.4
                0x000414e0       0x1f c:/altera/13.1/nios2eds/bin/gnu/h-i686-mingw32/bin/../lib/gcc/nios2-elf/4.7.3/../../../../../H-i686-mingw32/nios2-elf/lib/mno-hw-mul\libc.a(lib_a-tmpnam.o)
                                 0x24 (size before relaxing)
 *fill*         0x000414ff        0x1 
 .rodata.str1.4
                0x00041500       0x42 c:/altera/13.1/nios2eds/bin/gnu/h-i686-mingw32/bin/../lib/gcc/nios2-elf/4.7.3/../../../../../H-i686-mingw32/nios2-elf/lib/mno-hw-mul\libc.a(lib_a-vfprintf.o)
                                 0x44 (size before relaxing)
 .rodata        0x00041542       0x20 c:/altera/13.1/nios2eds/bin/gnu/h-i686-mingw32/bin/../lib/gcc/nios2-elf/4.7.3/../../../../../H-i686-mingw32/nios2-elf/lib/mno-hw-mul\libc.a(lib_a-vfprintf.o)
 *fill*         0x00041562        0x2 
 .rodata.str1.4
                0x00041564        0x5 c:/altera/13.1/nios2eds/bin/gnu/h-i686-mingw32/bin/../lib/gcc/nios2-elf/4.7.3/../../../../../H-i686-mingw32/nios2-elf/lib/mno-hw-mul\libc.a(lib_a-vfscanf.o)
                                  0x8 (size before relaxing)
 *fill*         0x00041569        0x1 
 .rodata        0x0004156a       0x22 c:/altera/13.1/nios2eds/bin/gnu/h-i686-mingw32/bin/../lib/gcc/nios2-elf/4.7.3/../../../../../H-i686-mingw32/nios2-elf/lib/mno-hw-mul\libc.a(lib_a-vfscanf.o)
 .rodata.str1.4
                0x0004158c       0x10 c:/altera/13.1/nios2eds/bin/gnu/h-i686-mingw32/bin/../lib/gcc/nios2-elf/4.7.3/../../../../../H-i686-mingw32/nios2-elf/lib/mno-hw-mul\libc.a(lib_a-dtoa.o)
                                 0x14 (size before relaxing)
 .rodata.str1.4
                0x0004159c        0xe c:/altera/13.1/nios2eds/bin/gnu/h-i686-mingw32/bin/../lib/gcc/nios2-elf/4.7.3/../../../../../H-i686-mingw32/nios2-elf/lib/mno-hw-mul\libc.a(lib_a-locale.o)
                                 0x18 (size before relaxing)
 *fill*         0x000415aa        0x2 
 .rodata        0x000415ac       0x30 c:/altera/13.1/nios2eds/bin/gnu/h-i686-mingw32/bin/../lib/gcc/nios2-elf/4.7.3/../../../../../H-i686-mingw32/nios2-elf/lib/mno-hw-mul\libc.a(lib_a-locale.o)
 .rodata.str1.4
                0x00000000        0x4 c:/altera/13.1/nios2eds/bin/gnu/h-i686-mingw32/bin/../lib/gcc/nios2-elf/4.7.3/../../../../../H-i686-mingw32/nios2-elf/lib/mno-hw-mul\libc.a(lib_a-mbrtowc.o)
 .rodata        0x000415dc      0x124 c:/altera/13.1/nios2eds/bin/gnu/h-i686-mingw32/bin/../lib/gcc/nios2-elf/4.7.3/../../../../../H-i686-mingw32/nios2-elf/lib/mno-hw-mul\libc.a(lib_a-mprec.o)
                0x000415dc                __mprec_tinytens
                0x00041604                __mprec_bigtens
                0x0004162c                __mprec_tens
 .rodata.str1.4
                0x00041700        0xf c:/altera/13.1/nios2eds/bin/gnu/h-i686-mingw32/bin/../lib/gcc/nios2-elf/4.7.3/../../../../../H-i686-mingw32/nios2-elf/lib/mno-hw-mul\libc.a(lib_a-strtod.o)
                                 0x10 (size before relaxing)
 *fill*         0x0004170f        0x1 
 .rodata        0x00041710       0x28 c:/altera/13.1/nios2eds/bin/gnu/h-i686-mingw32/bin/../lib/gcc/nios2-elf/4.7.3/../../../../../H-i686-mingw32/nios2-elf/lib/mno-hw-mul\libc.a(lib_a-strtod.o)
 .rodata.str1.4
                0x00041738       0x1c c:/altera/13.1/nios2eds/bin/gnu/h-i686-mingw32/bin/../lib/gcc/nios2-elf/4.7.3/../../../../../H-i686-mingw32/nios2-elf/lib/mno-hw-mul\libc.a(lib_a-gdtoa-gethex.o)
 .rodata        0x00041754        0xc ../JPEG_Encoder_bsp/\libhal_bsp.a(alt_dev.o)
 .rodata        0x00041760       0x10 ../JPEG_Encoder_bsp/\libhal_bsp.a(alt_main.o)
 .rodata        0x00041770       0x1c ../JPEG_Encoder_bsp/\libhal_bsp.a(alt_sys_init.o)
 *(.rodata1)
                0x0004178c                . = ALIGN (0x4)
                0x0004178c                PROVIDE (__ram_rodata_end, ABSOLUTE (.))
                0x0003eebc                PROVIDE (__flash_rodata_start, LOADADDR (.rodata))

.rwdata         0x0004178c     0x1b08 load address 0x00043294
                0x0004178c                PROVIDE (__ram_rwdata_start, ABSOLUTE (.))
                0x0004178c                . = ALIGN (0x4)
 *(.got.plt)
 *(.got)
 *(.data1)
 *(.data .data.* .gnu.linkonce.d.*)
 .data          0x0004178c        0x0 ../JPEG_Encoder_bsp//obj/HAL/src/crt0.o
 .data          0x0004178c        0x0 obj/default/application/bmp_extract.o
 .data          0x0004178c        0x0 obj/default/application/jpeg_encoding.o
 .data          0x0004178c        0x0 obj/default/application/jpegclib/cdjpeg.o
 .data          0x0004178c        0x0 obj/default/application/jpegclib/jaricom.o
 .data          0x0004178c        0x0 obj/default/application/jpegclib/jcapimin.o
 .data          0x0004178c        0x0 obj/default/application/jpegclib/jcapistd.o
 .data          0x0004178c        0x0 obj/default/application/jpegclib/jcarith.o
 .data          0x0004178c        0x0 obj/default/application/jpegclib/jccoefct.o
 .data          0x0004178c        0x0 obj/default/application/jpegclib/jccolor.o
 .data          0x0004178c        0x0 obj/default/application/jpegclib/jcdctmgr.o
 .data          0x0004178c        0x0 obj/default/application/jpegclib/jchuff.o
 .data          0x0004178c        0x0 obj/default/application/jpegclib/jcinit.o
 .data          0x0004178c        0x0 obj/default/application/jpegclib/jcmainct.o
 .data          0x0004178c        0x0 obj/default/application/jpegclib/jcmarker.o
 .data          0x0004178c        0x0 obj/default/application/jpegclib/jcmaster.o
 .data          0x0004178c        0x0 obj/default/application/jpegclib/jcomapi.o
 .data          0x0004178c        0x0 obj/default/application/jpegclib/jcparam.o
 .data          0x0004178c        0x0 obj/default/application/jpegclib/jcprepct.o
 .data          0x0004178c        0x0 obj/default/application/jpegclib/jcsample.o
 .data          0x0004178c        0x0 obj/default/application/jpegclib/jctrans.o
 .data          0x0004178c        0x0 obj/default/application/jpegclib/jdatadst.o
 .data          0x0004178c        0x0 obj/default/application/jpegclib/jerror.o
 .data          0x0004178c        0x0 obj/default/application/jpegclib/jfdctflt.o
 .data          0x0004178c        0x0 obj/default/application/jpegclib/jfdctfst.o
 .data          0x0004178c        0x0 obj/default/application/jpegclib/jfdctint.o
 .data          0x0004178c        0x0 obj/default/application/jpegclib/jidctflt.o
 .data          0x0004178c        0x0 obj/default/application/jpegclib/jidctfst.o
 .data          0x0004178c        0x0 obj/default/application/jpegclib/jidctint.o
 .data          0x0004178c        0x0 obj/default/application/jpegclib/jmemansi.o
 .data          0x0004178c        0x0 obj/default/application/jpegclib/jmemmgr.o
 .data          0x0004178c        0x0 obj/default/application/jpegclib/jquant1.o
 .data          0x0004178c        0x0 obj/default/application/jpegclib/jquant2.o
 .data          0x0004178c        0x0 obj/default/application/jpegclib/jutils.o
 .data          0x0004178c        0x0 obj/default/jpeg_encoder.o
 .data          0x0004178c        0x0 c:/altera/13.1/nios2eds/bin/gnu/h-i686-mingw32/bin/../lib/gcc/nios2-elf/4.7.3/mno-hw-mul\libgcc.a(_addsub_sf.o)
 .data          0x0004178c        0x0 c:/altera/13.1/nios2eds/bin/gnu/h-i686-mingw32/bin/../lib/gcc/nios2-elf/4.7.3/mno-hw-mul\libgcc.a(_mul_sf.o)
 .data          0x0004178c        0x0 c:/altera/13.1/nios2eds/bin/gnu/h-i686-mingw32/bin/../lib/gcc/nios2-elf/4.7.3/mno-hw-mul\libgcc.a(_si_to_sf.o)
 .data          0x0004178c        0x0 c:/altera/13.1/nios2eds/bin/gnu/h-i686-mingw32/bin/../lib/gcc/nios2-elf/4.7.3/mno-hw-mul\libgcc.a(_sf_to_si.o)
 .data          0x0004178c        0x0 c:/altera/13.1/nios2eds/bin/gnu/h-i686-mingw32/bin/../lib/gcc/nios2-elf/4.7.3/mno-hw-mul\libgcc.a(_thenan_sf.o)
 .data          0x0004178c        0x0 c:/altera/13.1/nios2eds/bin/gnu/h-i686-mingw32/bin/../lib/gcc/nios2-elf/4.7.3/mno-hw-mul\libgcc.a(_mul_df.o)
 .data          0x0004178c        0x0 c:/altera/13.1/nios2eds/bin/gnu/h-i686-mingw32/bin/../lib/gcc/nios2-elf/4.7.3/mno-hw-mul\libgcc.a(_div_df.o)
 .data          0x0004178c        0x0 c:/altera/13.1/nios2eds/bin/gnu/h-i686-mingw32/bin/../lib/gcc/nios2-elf/4.7.3/mno-hw-mul\libgcc.a(_df_to_sf.o)
 .data          0x0004178c        0x0 c:/altera/13.1/nios2eds/bin/gnu/h-i686-mingw32/bin/../lib/gcc/nios2-elf/4.7.3/mno-hw-mul\libgcc.a(_thenan_df.o)
 .data          0x0004178c        0x0 c:/altera/13.1/nios2eds/bin/gnu/h-i686-mingw32/bin/../lib/gcc/nios2-elf/4.7.3/mno-hw-mul\libgcc.a(_usi_to_df.o)
 .data          0x0004178c        0x0 c:/altera/13.1/nios2eds/bin/gnu/h-i686-mingw32/bin/../lib/gcc/nios2-elf/4.7.3/mno-hw-mul\libgcc.a(lib2-divmod.o)
 .data          0x0004178c        0x0 c:/altera/13.1/nios2eds/bin/gnu/h-i686-mingw32/bin/../lib/gcc/nios2-elf/4.7.3/mno-hw-mul\libgcc.a(lib2-mul.o)
 .data          0x0004178c        0x0 c:/altera/13.1/nios2eds/bin/gnu/h-i686-mingw32/bin/../lib/gcc/nios2-elf/4.7.3/mno-hw-mul\libgcc.a(_muldi3.o)
 .data          0x0004178c        0x0 c:/altera/13.1/nios2eds/bin/gnu/h-i686-mingw32/bin/../lib/gcc/nios2-elf/4.7.3/mno-hw-mul\libgcc.a(_clzsi2.o)
 .data          0x0004178c        0x0 c:/altera/13.1/nios2eds/bin/gnu/h-i686-mingw32/bin/../lib/gcc/nios2-elf/4.7.3/mno-hw-mul\libgcc.a(_pack_sf.o)
 .data          0x0004178c        0x0 c:/altera/13.1/nios2eds/bin/gnu/h-i686-mingw32/bin/../lib/gcc/nios2-elf/4.7.3/mno-hw-mul\libgcc.a(_unpack_sf.o)
 .data          0x0004178c        0x0 c:/altera/13.1/nios2eds/bin/gnu/h-i686-mingw32/bin/../lib/gcc/nios2-elf/4.7.3/mno-hw-mul\libgcc.a(_make_sf.o)
 .data          0x0004178c        0x0 c:/altera/13.1/nios2eds/bin/gnu/h-i686-mingw32/bin/../lib/gcc/nios2-elf/4.7.3/mno-hw-mul\libgcc.a(_pack_df.o)
 .data          0x0004178c        0x0 c:/altera/13.1/nios2eds/bin/gnu/h-i686-mingw32/bin/../lib/gcc/nios2-elf/4.7.3/mno-hw-mul\libgcc.a(_unpack_df.o)
 .data          0x0004178c        0x0 c:/altera/13.1/nios2eds/bin/gnu/h-i686-mingw32/bin/../lib/gcc/nios2-elf/4.7.3/mno-hw-mul\libgcc.a(_lshrdi3.o)
 .data          0x0004178c        0x0 c:/altera/13.1/nios2eds/bin/gnu/h-i686-mingw32/bin/../lib/gcc/nios2-elf/4.7.3/mno-hw-mul\libgcc.a(_ashldi3.o)
 .data          0x0004178c        0x0 c:/altera/13.1/nios2eds/bin/gnu/h-i686-mingw32/bin/../lib/gcc/nios2-elf/4.7.3/mno-hw-mul\libgcc.a(_clz.o)
 .data          0x0004178c        0x0 c:/altera/13.1/nios2eds/bin/gnu/h-i686-mingw32/bin/../lib/gcc/nios2-elf/4.7.3/../../../../../H-i686-mingw32/nios2-elf/lib/mno-hw-mul\libc.a(lib_a-ctype_.o)
 .data          0x0004178c        0x0 c:/altera/13.1/nios2eds/bin/gnu/h-i686-mingw32/bin/../lib/gcc/nios2-elf/4.7.3/../../../../../H-i686-mingw32/nios2-elf/lib/mno-hw-mul\libc.a(lib_a-exit.o)
 .data          0x0004178c        0x0 c:/altera/13.1/nios2eds/bin/gnu/h-i686-mingw32/bin/../lib/gcc/nios2-elf/4.7.3/../../../../../H-i686-mingw32/nios2-elf/lib/mno-hw-mul\libc.a(lib_a-fclose.o)
 .data          0x0004178c        0x0 c:/altera/13.1/nios2eds/bin/gnu/h-i686-mingw32/bin/../lib/gcc/nios2-elf/4.7.3/../../../../../H-i686-mingw32/nios2-elf/lib/mno-hw-mul\libc.a(lib_a-fflush.o)
 .data          0x0004178c        0x0 c:/altera/13.1/nios2eds/bin/gnu/h-i686-mingw32/bin/../lib/gcc/nios2-elf/4.7.3/../../../../../H-i686-mingw32/nios2-elf/lib/mno-hw-mul\libc.a(lib_a-findfp.o)
 .data          0x0004178c        0x0 c:/altera/13.1/nios2eds/bin/gnu/h-i686-mingw32/bin/../lib/gcc/nios2-elf/4.7.3/../../../../../H-i686-mingw32/nios2-elf/lib/mno-hw-mul\libc.a(lib_a-fopen.o)
 .data          0x0004178c        0x0 c:/altera/13.1/nios2eds/bin/gnu/h-i686-mingw32/bin/../lib/gcc/nios2-elf/4.7.3/../../../../../H-i686-mingw32/nios2-elf/lib/mno-hw-mul\libc.a(lib_a-fprintf.o)
 .data          0x0004178c        0x0 c:/altera/13.1/nios2eds/bin/gnu/h-i686-mingw32/bin/../lib/gcc/nios2-elf/4.7.3/../../../../../H-i686-mingw32/nios2-elf/lib/mno-hw-mul\libc.a(lib_a-fread.o)
 .data          0x0004178c        0x0 c:/altera/13.1/nios2eds/bin/gnu/h-i686-mingw32/bin/../lib/gcc/nios2-elf/4.7.3/../../../../../H-i686-mingw32/nios2-elf/lib/mno-hw-mul\libc.a(lib_a-freer.o)
 .data          0x0004178c        0x0 c:/altera/13.1/nios2eds/bin/gnu/h-i686-mingw32/bin/../lib/gcc/nios2-elf/4.7.3/../../../../../H-i686-mingw32/nios2-elf/lib/mno-hw-mul\libc.a(lib_a-fseek.o)
 .data          0x0004178c        0x0 c:/altera/13.1/nios2eds/bin/gnu/h-i686-mingw32/bin/../lib/gcc/nios2-elf/4.7.3/../../../../../H-i686-mingw32/nios2-elf/lib/mno-hw-mul\libc.a(lib_a-fstatr.o)
 .data          0x0004178c        0x0 c:/altera/13.1/nios2eds/bin/gnu/h-i686-mingw32/bin/../lib/gcc/nios2-elf/4.7.3/../../../../../H-i686-mingw32/nios2-elf/lib/mno-hw-mul\libc.a(lib_a-ftell.o)
 .data          0x0004178c        0x0 c:/altera/13.1/nios2eds/bin/gnu/h-i686-mingw32/bin/../lib/gcc/nios2-elf/4.7.3/../../../../../H-i686-mingw32/nios2-elf/lib/mno-hw-mul\libc.a(lib_a-fwalk.o)
 .data          0x0004178c        0x0 c:/altera/13.1/nios2eds/bin/gnu/h-i686-mingw32/bin/../lib/gcc/nios2-elf/4.7.3/../../../../../H-i686-mingw32/nios2-elf/lib/mno-hw-mul\libc.a(lib_a-fwrite.o)
 .data          0x0004178c        0x0 c:/altera/13.1/nios2eds/bin/gnu/h-i686-mingw32/bin/../lib/gcc/nios2-elf/4.7.3/../../../../../H-i686-mingw32/nios2-elf/lib/mno-hw-mul\libc.a(lib_a-getenv.o)
 .data          0x0004178c        0x0 c:/altera/13.1/nios2eds/bin/gnu/h-i686-mingw32/bin/../lib/gcc/nios2-elf/4.7.3/../../../../../H-i686-mingw32/nios2-elf/lib/mno-hw-mul\libc.a(lib_a-getenv_r.o)
 .data          0x0004178c      0x400 c:/altera/13.1/nios2eds/bin/gnu/h-i686-mingw32/bin/../lib/gcc/nios2-elf/4.7.3/../../../../../H-i686-mingw32/nios2-elf/lib/mno-hw-mul\libc.a(lib_a-impure.o)
 .data          0x00041b8c        0x0 c:/altera/13.1/nios2eds/bin/gnu/h-i686-mingw32/bin/../lib/gcc/nios2-elf/4.7.3/../../../../../H-i686-mingw32/nios2-elf/lib/mno-hw-mul\libc.a(lib_a-int_errno.o)
 .data          0x00041b8c        0x0 c:/altera/13.1/nios2eds/bin/gnu/h-i686-mingw32/bin/../lib/gcc/nios2-elf/4.7.3/../../../../../H-i686-mingw32/nios2-elf/lib/mno-hw-mul\libc.a(lib_a-makebuf.o)
 .data          0x00041b8c        0x0 c:/altera/13.1/nios2eds/bin/gnu/h-i686-mingw32/bin/../lib/gcc/nios2-elf/4.7.3/../../../../../H-i686-mingw32/nios2-elf/lib/mno-hw-mul\libc.a(lib_a-malloc.o)
 .data          0x00041b8c      0x408 c:/altera/13.1/nios2eds/bin/gnu/h-i686-mingw32/bin/../lib/gcc/nios2-elf/4.7.3/../../../../../H-i686-mingw32/nios2-elf/lib/mno-hw-mul\libc.a(lib_a-mallocr.o)
                0x00041b8c                __malloc_av_
 .data          0x00041f94        0x0 c:/altera/13.1/nios2eds/bin/gnu/h-i686-mingw32/bin/../lib/gcc/nios2-elf/4.7.3/../../../../../H-i686-mingw32/nios2-elf/lib/mno-hw-mul\libc.a(lib_a-memcpy.o)
 .data          0x00041f94        0x0 c:/altera/13.1/nios2eds/bin/gnu/h-i686-mingw32/bin/../lib/gcc/nios2-elf/4.7.3/../../../../../H-i686-mingw32/nios2-elf/lib/mno-hw-mul\libc.a(lib_a-memset.o)
 .data          0x00041f94        0x0 c:/altera/13.1/nios2eds/bin/gnu/h-i686-mingw32/bin/../lib/gcc/nios2-elf/4.7.3/../../../../../H-i686-mingw32/nios2-elf/lib/mno-hw-mul\libc.a(lib_a-openr.o)
 .data          0x00041f94        0x0 c:/altera/13.1/nios2eds/bin/gnu/h-i686-mingw32/bin/../lib/gcc/nios2-elf/4.7.3/../../../../../H-i686-mingw32/nios2-elf/lib/mno-hw-mul\libc.a(lib_a-printf.o)
 .data          0x00041f94        0x0 c:/altera/13.1/nios2eds/bin/gnu/h-i686-mingw32/bin/../lib/gcc/nios2-elf/4.7.3/../../../../../H-i686-mingw32/nios2-elf/lib/mno-hw-mul\libc.a(lib_a-puts.o)
 .data          0x00041f94        0x0 c:/altera/13.1/nios2eds/bin/gnu/h-i686-mingw32/bin/../lib/gcc/nios2-elf/4.7.3/../../../../../H-i686-mingw32/nios2-elf/lib/mno-hw-mul\libc.a(lib_a-refill.o)
 .data          0x00041f94        0x0 c:/altera/13.1/nios2eds/bin/gnu/h-i686-mingw32/bin/../lib/gcc/nios2-elf/4.7.3/../../../../../H-i686-mingw32/nios2-elf/lib/mno-hw-mul\libc.a(lib_a-rewind.o)
 .data          0x00041f94        0x0 c:/altera/13.1/nios2eds/bin/gnu/h-i686-mingw32/bin/../lib/gcc/nios2-elf/4.7.3/../../../../../H-i686-mingw32/nios2-elf/lib/mno-hw-mul\libc.a(lib_a-sbrkr.o)
 .data          0x00041f94        0x0 c:/altera/13.1/nios2eds/bin/gnu/h-i686-mingw32/bin/../lib/gcc/nios2-elf/4.7.3/../../../../../H-i686-mingw32/nios2-elf/lib/mno-hw-mul\libc.a(lib_a-scanf.o)
 .data          0x00041f94        0x0 c:/altera/13.1/nios2eds/bin/gnu/h-i686-mingw32/bin/../lib/gcc/nios2-elf/4.7.3/../../../../../H-i686-mingw32/nios2-elf/lib/mno-hw-mul\libc.a(lib_a-sprintf.o)
 .data          0x00041f94        0x0 c:/altera/13.1/nios2eds/bin/gnu/h-i686-mingw32/bin/../lib/gcc/nios2-elf/4.7.3/../../../../../H-i686-mingw32/nios2-elf/lib/mno-hw-mul\libc.a(lib_a-sscanf.o)
 .data          0x00041f94        0x0 c:/altera/13.1/nios2eds/bin/gnu/h-i686-mingw32/bin/../lib/gcc/nios2-elf/4.7.3/../../../../../H-i686-mingw32/nios2-elf/lib/mno-hw-mul\libc.a(lib_a-stdio.o)
 .data          0x00041f94        0x0 c:/altera/13.1/nios2eds/bin/gnu/h-i686-mingw32/bin/../lib/gcc/nios2-elf/4.7.3/../../../../../H-i686-mingw32/nios2-elf/lib/mno-hw-mul\libc.a(lib_a-strcat.o)
 .data          0x00041f94        0x0 c:/altera/13.1/nios2eds/bin/gnu/h-i686-mingw32/bin/../lib/gcc/nios2-elf/4.7.3/../../../../../H-i686-mingw32/nios2-elf/lib/mno-hw-mul\libc.a(lib_a-strcmp.o)
 .data          0x00041f94        0x0 c:/altera/13.1/nios2eds/bin/gnu/h-i686-mingw32/bin/../lib/gcc/nios2-elf/4.7.3/../../../../../H-i686-mingw32/nios2-elf/lib/mno-hw-mul\libc.a(lib_a-strcpy.o)
 .data          0x00041f94        0x0 c:/altera/13.1/nios2eds/bin/gnu/h-i686-mingw32/bin/../lib/gcc/nios2-elf/4.7.3/../../../../../H-i686-mingw32/nios2-elf/lib/mno-hw-mul\libc.a(lib_a-strlen.o)
 .data          0x00041f94        0x0 c:/altera/13.1/nios2eds/bin/gnu/h-i686-mingw32/bin/../lib/gcc/nios2-elf/4.7.3/../../../../../H-i686-mingw32/nios2-elf/lib/mno-hw-mul\libc.a(lib_a-strncmp.o)
 .data          0x00041f94        0x0 c:/altera/13.1/nios2eds/bin/gnu/h-i686-mingw32/bin/../lib/gcc/nios2-elf/4.7.3/../../../../../H-i686-mingw32/nios2-elf/lib/mno-hw-mul\libc.a(lib_a-strncpy.o)
 .data          0x00041f94        0x0 c:/altera/13.1/nios2eds/bin/gnu/h-i686-mingw32/bin/../lib/gcc/nios2-elf/4.7.3/../../../../../H-i686-mingw32/nios2-elf/lib/mno-hw-mul\libc.a(lib_a-tmpfile.o)
 .data          0x00041f94        0x0 c:/altera/13.1/nios2eds/bin/gnu/h-i686-mingw32/bin/../lib/gcc/nios2-elf/4.7.3/../../../../../H-i686-mingw32/nios2-elf/lib/mno-hw-mul\libc.a(lib_a-tmpnam.o)
 .data          0x00041f94        0x0 c:/altera/13.1/nios2eds/bin/gnu/h-i686-mingw32/bin/../lib/gcc/nios2-elf/4.7.3/../../../../../H-i686-mingw32/nios2-elf/lib/mno-hw-mul\libc.a(lib_a-vfprintf.o)
 .data          0x00041f94        0x0 c:/altera/13.1/nios2eds/bin/gnu/h-i686-mingw32/bin/../lib/gcc/nios2-elf/4.7.3/../../../../../H-i686-mingw32/nios2-elf/lib/mno-hw-mul\libc.a(lib_a-vfscanf.o)
 .data          0x00041f94        0x0 c:/altera/13.1/nios2eds/bin/gnu/h-i686-mingw32/bin/../lib/gcc/nios2-elf/4.7.3/../../../../../H-i686-mingw32/nios2-elf/lib/mno-hw-mul\libc.a(lib_a-writer.o)
 .data          0x00041f94        0x0 c:/altera/13.1/nios2eds/bin/gnu/h-i686-mingw32/bin/../lib/gcc/nios2-elf/4.7.3/../../../../../H-i686-mingw32/nios2-elf/lib/mno-hw-mul\libc.a(lib_a-wsetup.o)
 .data          0x00041f94        0x0 c:/altera/13.1/nios2eds/bin/gnu/h-i686-mingw32/bin/../lib/gcc/nios2-elf/4.7.3/../../../../../H-i686-mingw32/nios2-elf/lib/mno-hw-mul\libc.a(lib_a-__call_atexit.o)
 .data          0x00041f94        0x0 c:/altera/13.1/nios2eds/bin/gnu/h-i686-mingw32/bin/../lib/gcc/nios2-elf/4.7.3/../../../../../H-i686-mingw32/nios2-elf/lib/mno-hw-mul\libc.a(lib_a-closer.o)
 .data          0x00041f94        0x0 c:/altera/13.1/nios2eds/bin/gnu/h-i686-mingw32/bin/../lib/gcc/nios2-elf/4.7.3/../../../../../H-i686-mingw32/nios2-elf/lib/mno-hw-mul\libc.a(lib_a-dtoa.o)
 .data          0x00041f94        0x0 c:/altera/13.1/nios2eds/bin/gnu/h-i686-mingw32/bin/../lib/gcc/nios2-elf/4.7.3/../../../../../H-i686-mingw32/nios2-elf/lib/mno-hw-mul\libc.a(lib_a-environ.o)
 .data          0x00041f94        0x0 c:/altera/13.1/nios2eds/bin/gnu/h-i686-mingw32/bin/../lib/gcc/nios2-elf/4.7.3/../../../../../H-i686-mingw32/nios2-elf/lib/mno-hw-mul\libc.a(lib_a-fdopen.o)
 .data          0x00041f94        0x0 c:/altera/13.1/nios2eds/bin/gnu/h-i686-mingw32/bin/../lib/gcc/nios2-elf/4.7.3/../../../../../H-i686-mingw32/nios2-elf/lib/mno-hw-mul\libc.a(lib_a-flags.o)
 .data          0x00041f94        0x0 c:/altera/13.1/nios2eds/bin/gnu/h-i686-mingw32/bin/../lib/gcc/nios2-elf/4.7.3/../../../../../H-i686-mingw32/nios2-elf/lib/mno-hw-mul\libc.a(lib_a-fvwrite.o)
 .data          0x00041f94        0x0 c:/altera/13.1/nios2eds/bin/gnu/h-i686-mingw32/bin/../lib/gcc/nios2-elf/4.7.3/../../../../../H-i686-mingw32/nios2-elf/lib/mno-hw-mul\libc.a(lib_a-isattyr.o)
 .data          0x00041f94        0x0 c:/altera/13.1/nios2eds/bin/gnu/h-i686-mingw32/bin/../lib/gcc/nios2-elf/4.7.3/../../../../../H-i686-mingw32/nios2-elf/lib/mno-hw-mul\libc.a(lib_a-iswspace.o)
 .data          0x00041f94        0xc c:/altera/13.1/nios2eds/bin/gnu/h-i686-mingw32/bin/../lib/gcc/nios2-elf/4.7.3/../../../../../H-i686-mingw32/nios2-elf/lib/mno-hw-mul\libc.a(lib_a-locale.o)
                0x00041f94                __lc_ctype
 .data          0x00041fa0        0x0 c:/altera/13.1/nios2eds/bin/gnu/h-i686-mingw32/bin/../lib/gcc/nios2-elf/4.7.3/../../../../../H-i686-mingw32/nios2-elf/lib/mno-hw-mul\libc.a(lib_a-lseekr.o)
 .data          0x00041fa0        0x0 c:/altera/13.1/nios2eds/bin/gnu/h-i686-mingw32/bin/../lib/gcc/nios2-elf/4.7.3/../../../../../H-i686-mingw32/nios2-elf/lib/mno-hw-mul\libc.a(lib_a-mbrtowc.o)
 .data          0x00041fa0        0x0 c:/altera/13.1/nios2eds/bin/gnu/h-i686-mingw32/bin/../lib/gcc/nios2-elf/4.7.3/../../../../../H-i686-mingw32/nios2-elf/lib/mno-hw-mul\libc.a(lib_a-mbtowc_r.o)
 .data          0x00041fa0        0x0 c:/altera/13.1/nios2eds/bin/gnu/h-i686-mingw32/bin/../lib/gcc/nios2-elf/4.7.3/../../../../../H-i686-mingw32/nios2-elf/lib/mno-hw-mul\libc.a(lib_a-memchr.o)
 .data          0x00041fa0        0x0 c:/altera/13.1/nios2eds/bin/gnu/h-i686-mingw32/bin/../lib/gcc/nios2-elf/4.7.3/../../../../../H-i686-mingw32/nios2-elf/lib/mno-hw-mul\libc.a(lib_a-memmove.o)
 .data          0x00041fa0        0x0 c:/altera/13.1/nios2eds/bin/gnu/h-i686-mingw32/bin/../lib/gcc/nios2-elf/4.7.3/../../../../../H-i686-mingw32/nios2-elf/lib/mno-hw-mul\libc.a(lib_a-mprec.o)
 .data          0x00041fa0        0x0 c:/altera/13.1/nios2eds/bin/gnu/h-i686-mingw32/bin/../lib/gcc/nios2-elf/4.7.3/../../../../../H-i686-mingw32/nios2-elf/lib/mno-hw-mul\libc.a(lib_a-readr.o)
 .data          0x00041fa0        0x0 c:/altera/13.1/nios2eds/bin/gnu/h-i686-mingw32/bin/../lib/gcc/nios2-elf/4.7.3/../../../../../H-i686-mingw32/nios2-elf/lib/mno-hw-mul\libc.a(lib_a-reallocr.o)
 .data          0x00041fa0        0x0 c:/altera/13.1/nios2eds/bin/gnu/h-i686-mingw32/bin/../lib/gcc/nios2-elf/4.7.3/../../../../../H-i686-mingw32/nios2-elf/lib/mno-hw-mul\libc.a(lib_a-remove.o)
 .data          0x00041fa0        0x0 c:/altera/13.1/nios2eds/bin/gnu/h-i686-mingw32/bin/../lib/gcc/nios2-elf/4.7.3/../../../../../H-i686-mingw32/nios2-elf/lib/mno-hw-mul\libc.a(lib_a-s_isinfd.o)
 .data          0x00041fa0        0x0 c:/altera/13.1/nios2eds/bin/gnu/h-i686-mingw32/bin/../lib/gcc/nios2-elf/4.7.3/../../../../../H-i686-mingw32/nios2-elf/lib/mno-hw-mul\libc.a(lib_a-s_isnand.o)
 .data          0x00041fa0        0x0 c:/altera/13.1/nios2eds/bin/gnu/h-i686-mingw32/bin/../lib/gcc/nios2-elf/4.7.3/../../../../../H-i686-mingw32/nios2-elf/lib/mno-hw-mul\libc.a(lib_a-sccl.o)
 .data          0x00041fa0        0x0 c:/altera/13.1/nios2eds/bin/gnu/h-i686-mingw32/bin/../lib/gcc/nios2-elf/4.7.3/../../../../../H-i686-mingw32/nios2-elf/lib/mno-hw-mul\libc.a(lib_a-sf_nan.o)
 .data          0x00041fa0        0x0 c:/altera/13.1/nios2eds/bin/gnu/h-i686-mingw32/bin/../lib/gcc/nios2-elf/4.7.3/../../../../../H-i686-mingw32/nios2-elf/lib/mno-hw-mul\libc.a(lib_a-signalr.o)
 .data          0x00041fa0       0x28 c:/altera/13.1/nios2eds/bin/gnu/h-i686-mingw32/bin/../lib/gcc/nios2-elf/4.7.3/../../../../../H-i686-mingw32/nios2-elf/lib/mno-hw-mul\libc.a(lib_a-strtod.o)
 .data          0x00041fc8        0x0 c:/altera/13.1/nios2eds/bin/gnu/h-i686-mingw32/bin/../lib/gcc/nios2-elf/4.7.3/../../../../../H-i686-mingw32/nios2-elf/lib/mno-hw-mul\libc.a(lib_a-strtol.o)
 .data          0x00041fc8        0x0 c:/altera/13.1/nios2eds/bin/gnu/h-i686-mingw32/bin/../lib/gcc/nios2-elf/4.7.3/../../../../../H-i686-mingw32/nios2-elf/lib/mno-hw-mul\libc.a(lib_a-strtoll_r.o)
 .data          0x00041fc8        0x0 c:/altera/13.1/nios2eds/bin/gnu/h-i686-mingw32/bin/../lib/gcc/nios2-elf/4.7.3/../../../../../H-i686-mingw32/nios2-elf/lib/mno-hw-mul\libc.a(lib_a-strtoul.o)
 .data          0x00041fc8        0x0 c:/altera/13.1/nios2eds/bin/gnu/h-i686-mingw32/bin/../lib/gcc/nios2-elf/4.7.3/../../../../../H-i686-mingw32/nios2-elf/lib/mno-hw-mul\libc.a(lib_a-strtoull_r.o)
 .data          0x00041fc8        0x0 c:/altera/13.1/nios2eds/bin/gnu/h-i686-mingw32/bin/../lib/gcc/nios2-elf/4.7.3/../../../../../H-i686-mingw32/nios2-elf/lib/mno-hw-mul\libc.a(lib_a-ungetc.o)
 .data          0x00041fc8        0x0 c:/altera/13.1/nios2eds/bin/gnu/h-i686-mingw32/bin/../lib/gcc/nios2-elf/4.7.3/../../../../../H-i686-mingw32/nios2-elf/lib/mno-hw-mul\libc.a(lib_a-unlinkr.o)
 .data          0x00041fc8        0x0 c:/altera/13.1/nios2eds/bin/gnu/h-i686-mingw32/bin/../lib/gcc/nios2-elf/4.7.3/../../../../../H-i686-mingw32/nios2-elf/lib/mno-hw-mul\libc.a(lib_a-callocr.o)
 .data          0x00041fc8        0x0 c:/altera/13.1/nios2eds/bin/gnu/h-i686-mingw32/bin/../lib/gcc/nios2-elf/4.7.3/../../../../../H-i686-mingw32/nios2-elf/lib/mno-hw-mul\libc.a(lib_a-gdtoa-gethex.o)
 .data          0x00041fc8        0x0 c:/altera/13.1/nios2eds/bin/gnu/h-i686-mingw32/bin/../lib/gcc/nios2-elf/4.7.3/../../../../../H-i686-mingw32/nios2-elf/lib/mno-hw-mul\libc.a(lib_a-gdtoa-hexnan.o)
 .data          0x00041fc8        0x0 c:/altera/13.1/nios2eds/bin/gnu/h-i686-mingw32/bin/../lib/gcc/nios2-elf/4.7.3/mno-hw-mul\libgcc.a(_fixunsdfsi.o)
 .data          0x00041fc8        0x0 c:/altera/13.1/nios2eds/bin/gnu/h-i686-mingw32/bin/../lib/gcc/nios2-elf/4.7.3/mno-hw-mul\libgcc.a(_udivdi3.o)
 .data          0x00041fc8        0x0 c:/altera/13.1/nios2eds/bin/gnu/h-i686-mingw32/bin/../lib/gcc/nios2-elf/4.7.3/mno-hw-mul\libgcc.a(_umoddi3.o)
 .data          0x00041fc8        0x0 c:/altera/13.1/nios2eds/bin/gnu/h-i686-mingw32/bin/../lib/gcc/nios2-elf/4.7.3/mno-hw-mul\libgcc.a(_eq_sf.o)
 .data          0x00041fc8        0x0 c:/altera/13.1/nios2eds/bin/gnu/h-i686-mingw32/bin/../lib/gcc/nios2-elf/4.7.3/mno-hw-mul\libgcc.a(_gt_sf.o)
 .data          0x00041fc8        0x0 c:/altera/13.1/nios2eds/bin/gnu/h-i686-mingw32/bin/../lib/gcc/nios2-elf/4.7.3/mno-hw-mul\libgcc.a(_lt_sf.o)
 .data          0x00041fc8        0x0 c:/altera/13.1/nios2eds/bin/gnu/h-i686-mingw32/bin/../lib/gcc/nios2-elf/4.7.3/mno-hw-mul\libgcc.a(_addsub_df.o)
 .data          0x00041fc8        0x0 c:/altera/13.1/nios2eds/bin/gnu/h-i686-mingw32/bin/../lib/gcc/nios2-elf/4.7.3/mno-hw-mul\libgcc.a(_eq_df.o)
 .data          0x00041fc8        0x0 c:/altera/13.1/nios2eds/bin/gnu/h-i686-mingw32/bin/../lib/gcc/nios2-elf/4.7.3/mno-hw-mul\libgcc.a(_ne_df.o)
 .data          0x00041fc8        0x0 c:/altera/13.1/nios2eds/bin/gnu/h-i686-mingw32/bin/../lib/gcc/nios2-elf/4.7.3/mno-hw-mul\libgcc.a(_gt_df.o)
 .data          0x00041fc8        0x0 c:/altera/13.1/nios2eds/bin/gnu/h-i686-mingw32/bin/../lib/gcc/nios2-elf/4.7.3/mno-hw-mul\libgcc.a(_ge_df.o)
 .data          0x00041fc8        0x0 c:/altera/13.1/nios2eds/bin/gnu/h-i686-mingw32/bin/../lib/gcc/nios2-elf/4.7.3/mno-hw-mul\libgcc.a(_lt_df.o)
 .data          0x00041fc8        0x0 c:/altera/13.1/nios2eds/bin/gnu/h-i686-mingw32/bin/../lib/gcc/nios2-elf/4.7.3/mno-hw-mul\libgcc.a(_le_df.o)
 .data          0x00041fc8        0x0 c:/altera/13.1/nios2eds/bin/gnu/h-i686-mingw32/bin/../lib/gcc/nios2-elf/4.7.3/mno-hw-mul\libgcc.a(_si_to_df.o)
 .data          0x00041fc8        0x0 c:/altera/13.1/nios2eds/bin/gnu/h-i686-mingw32/bin/../lib/gcc/nios2-elf/4.7.3/mno-hw-mul\libgcc.a(_df_to_si.o)
 .data          0x00041fc8        0x0 c:/altera/13.1/nios2eds/bin/gnu/h-i686-mingw32/bin/../lib/gcc/nios2-elf/4.7.3/mno-hw-mul\libgcc.a(_fpcmp_parts_sf.o)
 .data          0x00041fc8        0x0 c:/altera/13.1/nios2eds/bin/gnu/h-i686-mingw32/bin/../lib/gcc/nios2-elf/4.7.3/mno-hw-mul\libgcc.a(_fpcmp_parts_df.o)
 .data          0x00041fc8        0x0 ../JPEG_Encoder_bsp/\libhal_bsp.a(alt_close.o)
 .data          0x00041fc8      0x1a8 ../JPEG_Encoder_bsp/\libhal_bsp.a(alt_dev.o)
                0x00041fc8                alt_dev_null
                0x00041ff0                alt_fd_list
 .data          0x00042170        0x0 ../JPEG_Encoder_bsp/\libhal_bsp.a(alt_env_lock.o)
 .data          0x00042170        0x0 ../JPEG_Encoder_bsp/\libhal_bsp.a(alt_errno.o)
 .data          0x00042170        0x0 ../JPEG_Encoder_bsp/\libhal_bsp.a(alt_exit.o)
 .data          0x00042170        0x0 ../JPEG_Encoder_bsp/\libhal_bsp.a(alt_fstat.o)
 .data          0x00042170        0x0 ../JPEG_Encoder_bsp/\libhal_bsp.a(alt_getpid.o)
 .data          0x00042170        0x0 ../JPEG_Encoder_bsp/\libhal_bsp.a(alt_isatty.o)
 .data          0x00042170        0x0 ../JPEG_Encoder_bsp/\libhal_bsp.a(alt_kill.o)
 .data          0x00042170        0x0 ../JPEG_Encoder_bsp/\libhal_bsp.a(alt_load.o)
 .data          0x00042170        0x0 ../JPEG_Encoder_bsp/\libhal_bsp.a(alt_lseek.o)
 .data          0x00042170        0x0 ../JPEG_Encoder_bsp/\libhal_bsp.a(alt_main.o)
 .data          0x00042170        0x0 ../JPEG_Encoder_bsp/\libhal_bsp.a(alt_malloc_lock.o)
 .data          0x00042170        0x0 ../JPEG_Encoder_bsp/\libhal_bsp.a(alt_open.o)
 .data          0x00042170        0x0 ../JPEG_Encoder_bsp/\libhal_bsp.a(alt_read.o)
 .data          0x00042170        0x0 ../JPEG_Encoder_bsp/\libhal_bsp.a(alt_release_fd.o)
 .data          0x00042170        0x0 ../JPEG_Encoder_bsp/\libhal_bsp.a(alt_sbrk.o)
 .data          0x00042170        0x0 ../JPEG_Encoder_bsp/\libhal_bsp.a(alt_unlink.o)
 .data          0x00042170        0x0 ../JPEG_Encoder_bsp/\libhal_bsp.a(alt_usleep.o)
 .data          0x00042170        0x0 ../JPEG_Encoder_bsp/\libhal_bsp.a(alt_write.o)
 .data          0x00042170     0x1088 ../JPEG_Encoder_bsp/\libhal_bsp.a(alt_sys_init.o)
 .data          0x000431f8        0x0 ../JPEG_Encoder_bsp/\libhal_bsp.a(altera_avalon_jtag_uart_fd.o)
 .data          0x000431f8        0x0 ../JPEG_Encoder_bsp/\libhal_bsp.a(altera_avalon_jtag_uart_init.o)
 .data          0x000431f8        0x0 ../JPEG_Encoder_bsp/\libhal_bsp.a(altera_avalon_jtag_uart_ioctl.o)
 .data          0x000431f8        0x0 ../JPEG_Encoder_bsp/\libhal_bsp.a(altera_avalon_jtag_uart_read.o)
 .data          0x000431f8        0x0 ../JPEG_Encoder_bsp/\libhal_bsp.a(altera_avalon_jtag_uart_write.o)
 .data          0x000431f8        0x0 ../JPEG_Encoder_bsp/\libhal_bsp.a(altera_avalon_timer_sc.o)
 .data          0x000431f8        0x0 ../JPEG_Encoder_bsp/\libhal_bsp.a(altera_hostfs.o)
 .data          0x000431f8        0x0 ../JPEG_Encoder_bsp/\libhal_bsp.a(alt_alarm_start.o)
 .data          0x000431f8        0x0 ../JPEG_Encoder_bsp/\libhal_bsp.a(alt_busy_sleep.o)
 .data          0x000431f8        0x0 ../JPEG_Encoder_bsp/\libhal_bsp.a(alt_dcache_flush_all.o)
 .data          0x000431f8        0x0 ../JPEG_Encoder_bsp/\libhal_bsp.a(alt_dev_llist_insert.o)
 .data          0x000431f8        0x0 ../JPEG_Encoder_bsp/\libhal_bsp.a(alt_do_ctors.o)
 .data          0x000431f8        0x0 ../JPEG_Encoder_bsp/\libhal_bsp.a(alt_do_dtors.o)
 .data          0x000431f8        0x0 ../JPEG_Encoder_bsp/\libhal_bsp.a(alt_find_dev.o)
 .data          0x000431f8        0x0 ../JPEG_Encoder_bsp/\libhal_bsp.a(alt_find_file.o)
 .data          0x000431f8        0x0 ../JPEG_Encoder_bsp/\libhal_bsp.a(alt_fs_reg.o)
 .data          0x000431f8        0x0 ../JPEG_Encoder_bsp/\libhal_bsp.a(alt_get_fd.o)
 .data          0x000431f8        0x0 ../JPEG_Encoder_bsp/\libhal_bsp.a(alt_icache_flush_all.o)
 .data          0x000431f8        0x0 ../JPEG_Encoder_bsp/\libhal_bsp.a(alt_iic.o)
 .data          0x000431f8        0x0 ../JPEG_Encoder_bsp/\libhal_bsp.a(alt_iic_isr_register.o)
 .data          0x000431f8        0x0 ../JPEG_Encoder_bsp/\libhal_bsp.a(alt_io_redirect.o)
 .data          0x000431f8        0x0 ../JPEG_Encoder_bsp/\libhal_bsp.a(alt_irq_entry.o)
 .data          0x000431f8        0x0 ../JPEG_Encoder_bsp/\libhal_bsp.a(alt_irq_handler.o)
 .data          0x000431f8        0x0 ../JPEG_Encoder_bsp/\libhal_bsp.a(alt_irq_vars.o)
 .data          0x000431f8        0x0 ../JPEG_Encoder_bsp/\libhal_bsp.a(alt_tick.o)
 .data          0x000431f8        0x0 ../JPEG_Encoder_bsp/\libhal_bsp.a(altera_nios2_qsys_irq.o)
 .data          0x000431f8        0x0 ../JPEG_Encoder_bsp/\libhal_bsp.a(alt_exception_entry.o)
 .data          0x000431f8        0x0 ../JPEG_Encoder_bsp/\libhal_bsp.a(alt_icache_flush.o)
 .data          0x000431f8        0x0 c:/altera/13.1/nios2eds/bin/gnu/h-i686-mingw32/bin/../lib/gcc/nios2-elf/4.7.3/../../../../../H-i686-mingw32/nios2-elf/lib/mno-hw-mul\libc.a(lib_a-atexit.o)
 .data          0x000431f8        0x0 c:/altera/13.1/nios2eds/bin/gnu/h-i686-mingw32/bin/../lib/gcc/nios2-elf/4.7.3/../../../../../H-i686-mingw32/nios2-elf/lib/mno-hw-mul\libc.a(lib_a-memcmp.o)
 .data          0x000431f8        0x0 c:/altera/13.1/nios2eds/bin/gnu/h-i686-mingw32/bin/../lib/gcc/nios2-elf/4.7.3/../../../../../H-i686-mingw32/nios2-elf/lib/mno-hw-mul\libc.a(lib_a-__atexit.o)
                0x0004b1f8                _gp = ABSOLUTE ((. + 0x8000))
                0x0004b1f8                PROVIDE (gp, _gp)
 *(.rwdata .rwdata.*)
 *(.sdata .sdata.* .gnu.linkonce.s.*)
 .sdata         0x000431f8       0x10 obj/default/application/jpegclib/jmemmgr.o
 .sdata         0x00043208        0x4 c:/altera/13.1/nios2eds/bin/gnu/h-i686-mingw32/bin/../lib/gcc/nios2-elf/4.7.3/../../../../../H-i686-mingw32/nios2-elf/lib/mno-hw-mul\libc.a(lib_a-ctype_.o)
                0x00043208                __ctype_ptr
 .sdata         0x0004320c        0x8 c:/altera/13.1/nios2eds/bin/gnu/h-i686-mingw32/bin/../lib/gcc/nios2-elf/4.7.3/../../../../../H-i686-mingw32/nios2-elf/lib/mno-hw-mul\libc.a(lib_a-impure.o)
                0x0004320c                _global_impure_ptr
                0x00043210                _impure_ptr
 .sdata         0x00043214        0x8 c:/altera/13.1/nios2eds/bin/gnu/h-i686-mingw32/bin/../lib/gcc/nios2-elf/4.7.3/../../../../../H-i686-mingw32/nios2-elf/lib/mno-hw-mul\libc.a(lib_a-mallocr.o)
                0x00043214                __malloc_sbrk_base
                0x00043218                __malloc_trim_threshold